D/dalvikvm(   77): GC_CONCURRENT freed 539K, 16% free 11394K/13447K, paused 7ms+8ms
D/dalvikvm(  156): GC_CONCURRENT freed 384K, 6% free 9533K/10119K, paused 8ms+4ms
W/ThrottleService(   77): unable to find stats for iface rmnet0
D/dalvikvm(  156): GC_CONCURRENT freed 387K, 6% free 9533K/10119K, paused 4ms+4ms
W/ThrottleService(   77): unable to find stats for iface rmnet0
D/dalvikvm(  156): GC_CONCURRENT freed 384K, 6% free 9533K/10119K, paused 17ms+4ms
F/NetworkStats(   77): problem reading network stats
F/NetworkStats(   77): java.lang.IllegalStateException: problem parsing idx 1
F/NetworkStats(   77): 	at com.android.internal.net.NetworkStatsFactory.readNetworkStatsDetail(NetworkStatsFactory.java:300)
F/NetworkStats(   77): 	at com.android.server.NetworkManagementService.getNetworkStatsUidDetail(NetworkManagementService.java:1282)
F/NetworkStats(   77): 	at com.android.server.net.NetworkStatsService.performPollLocked(NetworkStatsService.java:831)
F/NetworkStats(   77): 	at com.android.server.net.NetworkStatsService.performPoll(NetworkStatsService.java:799)
F/NetworkStats(   77): 	at com.android.server.net.NetworkStatsService.access$100(NetworkStatsService.java:128)
F/NetworkStats(   77): 	at com.android.server.net.NetworkStatsService$3.onReceive(NetworkStatsService.java:633)
F/NetworkStats(   77): 	at android.app.LoadedApk$ReceiverDispatcher$Args.run(LoadedApk.java:728)
F/NetworkStats(   77): 	at android.os.Handler.handleCallback(Handler.java:605)
F/NetworkStats(   77): 	at android.os.Handler.dispatchMessage(Handler.java:92)
F/NetworkStats(   77): 	at android.os.Looper.loop(Looper.java:137)
F/NetworkStats(   77): 	at android.os.HandlerThread.run(HandlerThread.java:60)
F/NetworkStats(   77): Caused by: java.io.FileNotFoundException: /proc/net/xt_qtaguid/stats: open failed: ENOENT (No such file or directory)
F/NetworkStats(   77): 	at libcore.io.IoBridge.open(IoBridge.java:406)
F/NetworkStats(   77): 	at java.io.FileInputStream.<init>(FileInputStream.java:78)
F/NetworkStats(   77): 	at com.android.internal.net.NetworkStatsFactory.readNetworkStatsDetail(NetworkStatsFactory.java:269)
F/NetworkStats(   77): 	... 10 more
F/NetworkStats(   77): Caused by: libcore.io.ErrnoException: open failed: ENOENT (No such file or directory)
F/NetworkStats(   77): 	at libcore.io.Posix.open(Native Method)
F/NetworkStats(   77): 	at libcore.io.BlockGuardOs.open(BlockGuardOs.java:110)
F/NetworkStats(   77): 	at libcore.io.IoBridge.open(IoBridge.java:390)
F/NetworkStats(   77): 	... 12 more
D/dalvikvm(   77): GC_CONCURRENT freed 494K, 16% free 11410K/13447K, paused 6ms+10ms
D/dalvikvm(  156): GC_CONCURRENT freed 384K, 6% free 9533K/10119K, paused 15ms+4ms
W/ThrottleService(   77): unable to find stats for iface rmnet0
D/dalvikvm(  156): GC_CONCURRENT freed 384K, 6% free 9533K/10119K, paused 4ms+4ms
F/BatteryStatsImpl(   77): problem reading network stats
F/BatteryStatsImpl(   77): java.lang.IllegalStateException: problem parsing idx 1
F/BatteryStatsImpl(   77): 	at com.android.internal.net.NetworkStatsFactory.readNetworkStatsDetail(NetworkStatsFactory.java:300)
F/BatteryStatsImpl(   77): 	at com.android.internal.net.NetworkStatsFactory.readNetworkStatsDetail(NetworkStatsFactory.java:250)
F/BatteryStatsImpl(   77): 	at com.android.internal.os.BatteryStatsImpl.getNetworkStatsDetailGroupedByUid(BatteryStatsImpl.java:5734)
F/BatteryStatsImpl(   77): 	at com.android.internal.os.BatteryStatsImpl.access$100(BatteryStatsImpl.java:76)
F/BatteryStatsImpl(   77): 	at com.android.internal.os.BatteryStatsImpl$Uid.computeCurrentTcpBytesReceived(BatteryStatsImpl.java:2457)
F/BatteryStatsImpl(   77): 	at com.android.internal.os.BatteryStatsImpl$Uid.getTcpBytesReceived(BatteryStatsImpl.java:2446)
F/BatteryStatsImpl(   77): 	at com.android.internal.os.BatteryStatsImpl.writeSummaryToParcel(BatteryStatsImpl.java:5437)
F/BatteryStatsImpl(   77): 	at com.android.internal.os.BatteryStatsImpl.writeLocked(BatteryStatsImpl.java:4836)
F/BatteryStatsImpl(   77): 	at com.android.internal.os.BatteryStatsImpl.writeAsyncLocked(BatteryStatsImpl.java:4818)
F/BatteryStatsImpl(   77): 	at com.android.server.am.ActivityManagerService.updateCpuStatsNow(ActivityManagerService.java:1652)
F/BatteryStatsImpl(   77): 	at com.android.server.am.ActivityManagerService$3.run(ActivityManagerService.java:1534)
F/BatteryStatsImpl(   77): Caused by: java.io.FileNotFoundException: /proc/net/xt_qtaguid/stats: open failed: ENOENT (No such file or directory)
F/BatteryStatsImpl(   77): 	at libcore.io.IoBridge.open(IoBridge.java:406)
F/BatteryStatsImpl(   77): 	at java.io.FileInputStream.<init>(FileInputStream.java:78)
F/BatteryStatsImpl(   77): 	at com.android.internal.net.NetworkStatsFactory.readNetworkStatsDetail(NetworkStatsFactory.java:269)
F/BatteryStatsImpl(   77): 	... 10 more
F/BatteryStatsImpl(   77): Caused by: libcore.io.ErrnoException: open failed: ENOENT (No such file or directory)
F/BatteryStatsImpl(   77): 	at libcore.io.Posix.open(Native Method)
F/BatteryStatsImpl(   77): 	at libcore.io.BlockGuardOs.open(BlockGuardOs.java:110)
F/BatteryStatsImpl(   77): 	at libcore.io.IoBridge.open(IoBridge.java:390)
F/BatteryStatsImpl(   77): 	... 12 more
D/dalvikvm(   77): GC_CONCURRENT freed 527K, 16% free 11377K/13447K, paused 16ms+8ms
D/dalvikvm(  129): GC_CONCURRENT freed 371K, 52% free 9801K/20167K, paused 4ms+8ms
W/ThrottleService(   77): unable to find stats for iface rmnet0
D/dalvikvm(  156): GC_CONCURRENT freed 384K, 6% free 9533K/10119K, paused 10ms+4ms
V/BackupManagerService(   77): Running a backup pass
V/BackupManagerService(   77): Backup requested but nothing pending
D/dalvikvm(  156): GC_CONCURRENT freed 384K, 6% free 9533K/10119K, paused 4ms+4ms
D/dalvikvm(   77): GC_CONCURRENT freed 470K, 16% free 11373K/13447K, paused 19ms+8ms
W/ThrottleService(   77): unable to find stats for iface rmnet0
F/NetworkStats(   77): problem reading network stats
F/NetworkStats(   77): java.lang.IllegalStateException: problem parsing idx 1
F/NetworkStats(   77): 	at com.android.internal.net.NetworkStatsFactory.readNetworkStatsDetail(NetworkStatsFactory.java:300)
F/NetworkStats(   77): 	at com.android.server.NetworkManagementService.getNetworkStatsUidDetail(NetworkManagementService.java:1282)
F/NetworkStats(   77): 	at com.android.server.net.NetworkStatsService.performPollLocked(NetworkStatsService.java:831)
F/NetworkStats(   77): 	at com.android.server.net.NetworkStatsService.performPoll(NetworkStatsService.java:799)
F/NetworkStats(   77): 	at com.android.server.net.NetworkStatsService.access$100(NetworkStatsService.java:128)
F/NetworkStats(   77): 	at com.android.server.net.NetworkStatsService$3.onReceive(NetworkStatsService.java:633)
F/NetworkStats(   77): 	at android.app.LoadedApk$ReceiverDispatcher$Args.run(LoadedApk.java:728)
F/NetworkStats(   77): 	at android.os.Handler.handleCallback(Handler.java:605)
F/NetworkStats(   77): 	at android.os.Handler.dispatchMessage(Handler.java:92)
F/NetworkStats(   77): 	at android.os.Looper.loop(Looper.java:137)
F/NetworkStats(   77): 	at android.os.HandlerThread.run(HandlerThread.java:60)
F/NetworkStats(   77): Caused by: java.io.FileNotFoundException: /proc/net/xt_qtaguid/stats: open failed: ENOENT (No such file or directory)
F/NetworkStats(   77): 	at libcore.io.IoBridge.open(IoBridge.java:406)
F/NetworkStats(   77): 	at java.io.FileInputStream.<init>(FileInputStream.java:78)
F/NetworkStats(   77): 	at com.android.internal.net.NetworkStatsFactory.readNetworkStatsDetail(NetworkStatsFactory.java:269)
F/NetworkStats(   77): 	... 10 more
F/NetworkStats(   77): Caused by: libcore.io.ErrnoException: open failed: ENOENT (No such file or directory)
F/NetworkStats(   77): 	at libcore.io.Posix.open(Native Method)
F/NetworkStats(   77): 	at libcore.io.BlockGuardOs.open(BlockGuardOs.java:110)
F/NetworkStats(   77): 	at libcore.io.IoBridge.open(IoBridge.java:390)
F/NetworkStats(   77): 	... 12 more
D/dalvikvm(  156): GC_CONCURRENT freed 386K, 6% free 9532K/10119K, paused 4ms+4ms
W/ThrottleService(   77): unable to find stats for iface rmnet0
D/dalvikvm(   77): GC_CONCURRENT freed 461K, 16% free 11374K/13447K, paused 7ms+9ms
D/dalvikvm(  156): GC_CONCURRENT freed 384K, 6% free 9532K/10119K, paused 4ms+4ms
F/BatteryStatsImpl(   77): problem reading network stats
F/BatteryStatsImpl(   77): java.lang.IllegalStateException: problem parsing idx 1
F/BatteryStatsImpl(   77): 	at com.android.internal.net.NetworkStatsFactory.readNetworkStatsDetail(NetworkStatsFactory.java:300)
F/BatteryStatsImpl(   77): 	at com.android.internal.net.NetworkStatsFactory.readNetworkStatsDetail(NetworkStatsFactory.java:250)
F/BatteryStatsImpl(   77): 	at com.android.internal.os.BatteryStatsImpl.getNetworkStatsDetailGroupedByUid(BatteryStatsImpl.java:5734)
F/BatteryStatsImpl(   77): 	at com.android.internal.os.BatteryStatsImpl.access$100(BatteryStatsImpl.java:76)
F/BatteryStatsImpl(   77): 	at com.android.internal.os.BatteryStatsImpl$Uid.computeCurrentTcpBytesReceived(BatteryStatsImpl.java:2457)
F/BatteryStatsImpl(   77): 	at com.android.internal.os.BatteryStatsImpl$Uid.getTcpBytesReceived(BatteryStatsImpl.java:2446)
F/BatteryStatsImpl(   77): 	at com.android.internal.os.BatteryStatsImpl.writeSummaryToParcel(BatteryStatsImpl.java:5437)
F/BatteryStatsImpl(   77): 	at com.android.internal.os.BatteryStatsImpl.writeLocked(BatteryStatsImpl.java:4836)
F/BatteryStatsImpl(   77): 	at com.android.internal.os.BatteryStatsImpl.writeAsyncLocked(BatteryStatsImpl.java:4818)
F/BatteryStatsImpl(   77): 	at com.android.server.am.ActivityManagerService.updateCpuStatsNow(ActivityManagerService.java:1652)
F/BatteryStatsImpl(   77): 	at com.android.server.am.ActivityManagerService$3.run(ActivityManagerService.java:1534)
F/BatteryStatsImpl(   77): Caused by: java.io.FileNotFoundException: /proc/net/xt_qtaguid/stats: open failed: ENOENT (No such file or directory)
F/BatteryStatsImpl(   77): 	at libcore.io.IoBridge.open(IoBridge.java:406)
F/BatteryStatsImpl(   77): 	at java.io.FileInputStream.<init>(FileInputStream.java:78)
F/BatteryStatsImpl(   77): 	at com.android.internal.net.NetworkStatsFactory.readNetworkStatsDetail(NetworkStatsFactory.java:269)
F/BatteryStatsImpl(   77): 	... 10 more
F/BatteryStatsImpl(   77): Caused by: libcore.io.ErrnoException: open failed: ENOENT (No such file or directory)
F/BatteryStatsImpl(   77): 	at libcore.io.Posix.open(Native Method)
F/BatteryStatsImpl(   77): 	at libcore.io.BlockGuardOs.open(BlockGuardOs.java:110)
F/BatteryStatsImpl(   77): 	at libcore.io.IoBridge.open(IoBridge.java:390)
F/BatteryStatsImpl(   77): 	... 12 more
D/dalvikvm(  156): GC_CONCURRENT freed 384K, 6% free 9533K/10119K, paused 7ms+4ms
W/ThrottleService(   77): unable to find stats for iface rmnet0
D/dalvikvm(   77): GC_CONCURRENT freed 464K, 16% free 11375K/13447K, paused 20ms+8ms
D/dalvikvm(  156): GC_CONCURRENT freed 383K, 6% free 9533K/10119K, paused 14ms+5ms
W/ThrottleService(   77): unable to find stats for iface rmnet0
F/NetworkStats(   77): problem reading network stats
F/NetworkStats(   77): java.lang.IllegalStateException: problem parsing idx 1
F/NetworkStats(   77): 	at com.android.internal.net.NetworkStatsFactory.readNetworkStatsDetail(NetworkStatsFactory.java:300)
F/NetworkStats(   77): 	at com.android.server.NetworkManagementService.getNetworkStatsUidDetail(NetworkManagementService.java:1282)
F/NetworkStats(   77): 	at com.android.server.net.NetworkStatsService.performPollLocked(NetworkStatsService.java:831)
F/NetworkStats(   77): 	at com.android.server.net.NetworkStatsService.performPoll(NetworkStatsService.java:799)
F/NetworkStats(   77): 	at com.android.server.net.NetworkStatsService.access$100(NetworkStatsService.java:128)
F/NetworkStats(   77): 	at com.android.server.net.NetworkStatsService$3.onReceive(NetworkStatsService.java:633)
F/NetworkStats(   77): 	at android.app.LoadedApk$ReceiverDispatcher$Args.run(LoadedApk.java:728)
F/NetworkStats(   77): 	at android.os.Handler.handleCallback(Handler.java:605)
F/NetworkStats(   77): 	at android.os.Handler.dispatchMessage(Handler.java:92)
F/NetworkStats(   77): 	at android.os.Looper.loop(Looper.java:137)
F/NetworkStats(   77): 	at android.os.HandlerThread.run(HandlerThread.java:60)
F/NetworkStats(   77): Caused by: java.io.FileNotFoundException: /proc/net/xt_qtaguid/stats: open failed: ENOENT (No such file or directory)
F/NetworkStats(   77): 	at libcore.io.IoBridge.open(IoBridge.java:406)
F/NetworkStats(   77): 	at java.io.FileInputStream.<init>(FileInputStream.java:78)
F/NetworkStats(   77): 	at com.android.internal.net.NetworkStatsFactory.readNetworkStatsDetail(NetworkStatsFactory.java:269)
F/NetworkStats(   77): 	... 10 more
F/NetworkStats(   77): Caused by: libcore.io.ErrnoException: open failed: ENOENT (No such file or directory)
F/NetworkStats(   77): 	at libcore.io.Posix.open(Native Method)
F/NetworkStats(   77): 	at libcore.io.BlockGuardOs.open(BlockGuardOs.java:110)
F/NetworkStats(   77): 	at libcore.io.IoBridge.open(IoBridge.java:390)
F/NetworkStats(   77): 	... 12 more
D/dalvikvm(  156): GC_CONCURRENT freed 384K, 6% free 9533K/10119K, paused 7ms+4ms
W/ThrottleService(   77): unable to find stats for iface rmnet0
D/dalvikvm(   77): GC_CONCURRENT freed 473K, 16% free 11389K/13447K, paused 9ms+8ms
D/dalvikvm(  156): GC_CONCURRENT freed 384K, 6% free 9533K/10119K, paused 4ms+4ms
D/dalvikvm(  156): GC_CONCURRENT freed 386K, 6% free 9532K/10119K, paused 4ms+4ms
F/BatteryStatsImpl(   77): problem reading network stats
F/BatteryStatsImpl(   77): java.lang.IllegalStateException: problem parsing idx 1
F/BatteryStatsImpl(   77): 	at com.android.internal.net.NetworkStatsFactory.readNetworkStatsDetail(NetworkStatsFactory.java:300)
F/BatteryStatsImpl(   77): 	at com.android.internal.net.NetworkStatsFactory.readNetworkStatsDetail(NetworkStatsFactory.java:250)
F/BatteryStatsImpl(   77): 	at com.android.internal.os.BatteryStatsImpl.getNetworkStatsDetailGroupedByUid(BatteryStatsImpl.java:5734)
F/BatteryStatsImpl(   77): 	at com.android.internal.os.BatteryStatsImpl.access$100(BatteryStatsImpl.java:76)
F/BatteryStatsImpl(   77): 	at com.android.internal.os.BatteryStatsImpl$Uid.computeCurrentTcpBytesReceived(BatteryStatsImpl.java:2457)
F/BatteryStatsImpl(   77): 	at com.android.internal.os.BatteryStatsImpl$Uid.getTcpBytesReceived(BatteryStatsImpl.java:2446)
F/BatteryStatsImpl(   77): 	at com.android.internal.os.BatteryStatsImpl.writeSummaryToParcel(BatteryStatsImpl.java:5437)
F/BatteryStatsImpl(   77): 	at com.android.internal.os.BatteryStatsImpl.writeLocked(BatteryStatsImpl.java:4836)
F/BatteryStatsImpl(   77): 	at com.android.internal.os.BatteryStatsImpl.writeAsyncLocked(BatteryStatsImpl.java:4818)
F/BatteryStatsImpl(   77): 	at com.android.server.am.ActivityManagerService.updateCpuStatsNow(ActivityManagerService.java:1652)
F/BatteryStatsImpl(   77): 	at com.android.server.am.ActivityManagerService$3.run(ActivityManagerService.java:1534)
F/BatteryStatsImpl(   77): Caused by: java.io.FileNotFoundException: /proc/net/xt_qtaguid/stats: open failed: ENOENT (No such file or directory)
F/BatteryStatsImpl(   77): 	at libcore.io.IoBridge.open(IoBridge.java:406)
F/BatteryStatsImpl(   77): 	at java.io.FileInputStream.<init>(FileInputStream.java:78)
F/BatteryStatsImpl(   77): 	at com.android.internal.net.NetworkStatsFactory.readNetworkStatsDetail(NetworkStatsFactory.java:269)
F/BatteryStatsImpl(   77): 	... 10 more
F/BatteryStatsImpl(   77): Caused by: libcore.io.ErrnoException: open failed: ENOENT (No such file or directory)
F/BatteryStatsImpl(   77): 	at libcore.io.Posix.open(Native Method)
F/BatteryStatsImpl(   77): 	at libcore.io.BlockGuardOs.open(BlockGuardOs.java:110)
F/BatteryStatsImpl(   77): 	at libcore.io.IoBridge.open(IoBridge.java:390)
F/BatteryStatsImpl(   77): 	... 12 more
W/ThrottleService(   77): unable to find stats for iface rmnet0
D/AndroidRuntime( 1633): 
D/AndroidRuntime( 1633): >>>>>> AndroidRuntime START com.android.internal.os.RuntimeInit <<<<<<
D/AndroidRuntime( 1633): CheckJNI is ON
D/AndroidRuntime( 1633): Calling main entry com.android.commands.pm.Pm
W/ActivityManager(   77): No content provider found for permission revoke: file:///data/local/tmp/catastro1-debug.apk
W/ActivityManager(   77): No content provider found for permission revoke: file:///data/local/tmp/catastro1-debug.apk
D/dalvikvm(   77): GC_CONCURRENT freed 472K, 16% free 11414K/13447K, paused 10ms+9ms
D/dalvikvm(   77): GC_CONCURRENT freed 283K, 14% free 11633K/13447K, paused 12ms+12ms
D/dalvikvm(   77): GC_CONCURRENT freed 375K, 12% free 11843K/13447K, paused 7ms+12ms
D/dalvikvm(   77): GC_CONCURRENT freed 614K, 12% free 11842K/13447K, paused 10ms+11ms
D/dalvikvm(   77): GC_CONCURRENT freed 623K, 12% free 11852K/13447K, paused 9ms+13ms
D/dalvikvm(   77): GC_CONCURRENT freed 618K, 12% free 11898K/13447K, paused 6ms+12ms
D/dalvikvm(   77): GC_CONCURRENT freed 666K, 12% free 11864K/13447K, paused 7ms+8ms
D/dalvikvm(   77): GC_CONCURRENT freed 604K, 12% free 11875K/13447K, paused 8ms+15ms
I/PackageManager(   77): Removing non-system package:com.rhomobile.catastro1
I/ActivityManager(   77): Force stopping package com.rhomobile.catastro1 uid=10040
I/ActivityManager(   77): Killing proc 1589:com.rhomobile.catastro1/10040: force stop
W/ActivityManager(   77): Force removing ActivityRecord{4131e418 com.rhomobile.catastro1/com.rhomobile.rhodes.RhodesActivity}: app died, no saved state
W/NetworkManagementSocketTagger(   77): setKernelCountSet(10040, 0) failed with errno -2
W/NetworkManagementSocketTagger(   77): setKernelCountSet(1000, 1) failed with errno -2
I/WindowManager(   77): WIN DEATH: Window{41574330 com.rhomobile.catastro1/com.rhomobile.rhodes.RhodesActivity paused=false}
I/ManageApplications(  195): onCreateOptionsMenu in ManageApplications{412e62c0 #0 id=0x10202d4}: com.android.internal.view.menu.MenuBuilder@413400b0
W/InputManagerService(   77): Got RemoteException sending setActive(false) notification to pid 1589 uid 10040
I/Process (   77): Sending signal. PID: 195 SIG: 3
I/dalvikvm(  195): threadid=3: reacting to signal 3
I/dalvikvm(  195): Wrote stack traces to '/data/anr/traces.txt'
I/PackageManager(   77): Package com.rhomobile.catastro1 codePath changed from /data/app/com.rhomobile.catastro1-1.apk to /data/app/com.rhomobile.catastro1-2.apk; Retaining data and using new
I/PackageManager(   77): Running dexopt on: com.rhomobile.catastro1
D/dalvikvm( 1644): DexOpt: load 231ms, verify+opt 541ms
W/PackageManager(   77): Code path for pkg : com.rhomobile.catastro1 changing from /data/app/com.rhomobile.catastro1-1.apk to /data/app/com.rhomobile.catastro1-2.apk
W/PackageManager(   77): Resource path for pkg : com.rhomobile.catastro1 changing from /data/app/com.rhomobile.catastro1-1.apk to /data/app/com.rhomobile.catastro1-2.apk
I/ActivityManager(   77): Force stopping package com.rhomobile.catastro1 uid=10040
D/PackageManager(   77): New package installed in /data/app/com.rhomobile.catastro1-2.apk
I/ActivityManager(   77): Force stopping package com.rhomobile.catastro1 uid=10040
D/dalvikvm(  195): GC_EXPLICIT freed 166K, 16% free 12985K/15431K, paused 17ms+9ms
D/dalvikvm(  222): GC_EXPLICIT freed 163K, 5% free 9401K/9799K, paused 3ms+16ms
D/dalvikvm(   77): GC_EXPLICIT freed 617K, 12% free 11852K/13447K, paused 4ms+19ms
D/PackageManager(   77): generateServicesMap(android.accounts.AccountAuthenticator): 2 services unchanged
D/PackageManager(   77): generateServicesMap(android.content.SyncAdapter): 4 services unchanged
D/BackupManagerService(   77): Received broadcast Intent { act=android.intent.action.PACKAGE_REMOVED dat=package:com.rhomobile.catastro1 flg=0x10000010 (has extras) }
I/AccountTypeManager(  311): Loaded meta-data for 1 account types, 0 accounts in 32ms(wall) 8ms(cpu)
D/PackageManager(   77): generateServicesMap(android.accounts.AccountAuthenticator): 2 services unchanged
D/PackageManager(   77): generateServicesMap(android.content.SyncAdapter): 4 services unchanged
D/BackupManagerService(   77): Received broadcast Intent { act=android.intent.action.PACKAGE_ADDED dat=package:com.rhomobile.catastro1 flg=0x10000010 (has extras) }
V/BackupManagerService(   77): updatePackageParticipantsLocked: #1
W/RecognitionManagerService(   77): no available voice recognition services found
I/AccountTypeManager(  311): Loaded meta-data for 1 account types, 0 accounts in 79ms(wall) 5ms(cpu)
D/dalvikvm(  171): GC_EXPLICIT freed 780K, 23% free 15203K/19719K, paused 4ms+17ms
D/BackupManagerService(   77): Received broadcast Intent { act=android.intent.action.PACKAGE_REPLACED dat=package:com.rhomobile.catastro1 flg=0x10000010 (has extras) }
V/BackupManagerService(   77): updatePackageParticipantsLocked: #1
D/dalvikvm(  311): GC_CONCURRENT freed 446K, 6% free 9308K/9863K, paused 4ms+3ms
I/Launcher(  171): setLoadOnResume
D/dalvikvm(   77): GC_CONCURRENT freed 1087K, 16% free 11401K/13447K, paused 18ms+9ms
D/dalvikvm(   77): GC_EXPLICIT freed 80K, 16% free 11330K/13447K, paused 4ms+18ms
D/AndroidRuntime( 1633): Shutting down VM
D/dalvikvm( 1633): GC_CONCURRENT freed 97K, 79% free 450K/2048K, paused 0ms+1ms
I/AndroidRuntime( 1633): NOTE: attach of thread 'Binder Thread #3' failed
D/AndroidRuntime( 1652): 
D/AndroidRuntime( 1652): >>>>>> AndroidRuntime START com.android.internal.os.RuntimeInit <<<<<<
D/AndroidRuntime( 1652): CheckJNI is ON
D/AndroidRuntime( 1652): Calling main entry com.android.commands.am.Am
I/ActivityManager(   77): START {act=android.intent.action.MAIN flg=0x10000000 cmp=com.rhomobile.catastro1/com.rhomobile.rhodes.RhodesActivity} from pid 1652
W/WindowManager(   77): Failure taking screenshot for (180x300) to layer 21010
D/AndroidRuntime( 1652): Shutting down VM
D/dalvikvm( 1652): GC_CONCURRENT freed 97K, 77% free 480K/2048K, paused 1ms+1ms
D/dalvikvm( 1663): Not late-enabling CheckJNI (already on)
I/AndroidRuntime( 1652): NOTE: attach of thread 'Binder Thread #3' failed
I/ActivityManager(   77): Start proc com.rhomobile.catastro1 for activity com.rhomobile.catastro1/com.rhomobile.rhodes.RhodesActivity: pid=1663 uid=10040 gids={3003}
I/dalvikvm( 1663): Turning on JNI app bug workarounds for target SDK version 4...
W/NetworkManagementSocketTagger(   77): setKernelCountSet(10040, 1) failed with errno -2
I/Process (   77): Sending signal. PID: 1663 SIG: 3
I/dalvikvm( 1663): threadid=3: reacting to signal 3
I/dalvikvm( 1663): Wrote stack traces to '/data/anr/traces.txt'
D/dalvikvm( 1663): Trying to load lib /data/data/com.rhomobile.catastro1/lib/librhodes.so 0x412a1968
D/dalvikvm( 1663): Added shared lib /data/data/com.rhomobile.catastro1/lib/librhodes.so 0x412a1968
I/ActivityThread( 1663): Pub com.rhomobile.catastro1: com.rhomobile.rhodes.LocalFileProvider
I/RhodesApplication( 1663): Initializing...
D/RhoFileApi( 1663): App root path: /data/data/com.rhomobile.catastro1/rhodata/
D/RhoFileApi( 1663): Sqlite journals path: /data/data/com.rhomobile.catastro1/sqlite_stmt_journals/
D/RhoFileApi( 1663): Shared path: /data/data/com.rhomobile.catastro1/rhodata/
D/RhodesApplication( 1663): Root path: /data/data/com.rhomobile.catastro1/rhodata/
I/RhodesApplication( 1663): Application hash was changed
D/RhoFileApi( 1663): Copy hash to FS
D/RhoFileApi( 1663): File hash copied
D/RhoFileApi( 1663): Copy rho.dat to FS
I/Process (   77): Sending signal. PID: 1663 SIG: 3
I/dalvikvm( 1663): threadid=3: reacting to signal 3
I/dalvikvm( 1663): Wrote stack traces to '/data/anr/traces.txt'
D/RhoFileApi( 1663): File rho.dat copied
D/RhoFileApi( 1663): Copy apps/rhoconfig.txt to FS
D/RhoFileApi( 1663): File apps/rhoconfig.txt copied
I/RhoFileApi( 1663): Opening stat table from FS: /data/data/com.rhomobile.catastro1/rhodata/rho.dat
D/RhoFileApi( 1663): Copy apps/rhoconfig.txt to FS
D/RhoFileApi( 1663): File apps/rhoconfig.txt copied
D/RhoFileApi( 1663): App root path: /data/data/com.rhomobile.catastro1/rhodata/
D/RhoFileApi( 1663): Sqlite journals path: /data/data/com.rhomobile.catastro1/sqlite_stmt_journals/
D/RhoFileApi( 1663): Shared path: /data/data/com.rhomobile.catastro1/rhodata/
I/APP     ( 1663): I 06/15/2012 12:47:43:851 0000067f    RhodesApplication| Initialized
I/APP     ( 1663): I 06/15/2012 12:47:43:897 0000067f         BaseActivity| Resources orientation: 1
I/APP     ( 1663): I 06/15/2012 12:47:43:900 0000067f         BaseActivity| New screen properties - width: 480, height: 800, orientation: 1
I/APP     ( 1663): I 06/15/2012 12:47:43:928 0000067f               Camera| Camera capability is not enabled !
I/APP     ( 1663): I 06/15/2012 12:47:43:930 0000067f               Camera| Camera capability is not enabled !
I/Process (   77): Sending signal. PID: 1663 SIG: 3
I/dalvikvm( 1663): threadid=3: reacting to signal 3
I/dalvikvm( 1663): Wrote stack traces to '/data/anr/traces.txt'
D/dalvikvm( 1663): GC_CONCURRENT freed 308K, 5% free 9201K/9607K, paused 5ms+5ms
I/APP     ( 1663): I 06/15/2012 12:47:44:416 0000067f    RhodesApplication| New UiState: MainActivityCreated
I/APP     ( 1663): I 06/15/2012 12:47:44:471 0000067f       RhodesActivity| onStart
I/APP     ( 1663): I 06/15/2012 12:47:44:476 0000067f    RhodesApplication| New UiState: MainActivityStarted
I/APP     ( 1663): I 06/15/2012 12:47:44:511 0000067f       RhodesActivity| onResume
I/Process (   77): Sending signal. PID: 1663 SIG: 3
I/dalvikvm( 1663): threadid=3: reacting to signal 3
I/APP     ( 1663): I 06/15/2012 12:47:44:663 0000067f        RhodesService| onCreate
I/APP     ( 1663): I 06/15/2012 12:47:44:666 0000067f    LocalFileProvider| Revoke URI permissions: content:///com.rhomobile.catastro1
I/dalvikvm( 1663): Wrote stack traces to '/data/anr/traces.txt'
W/ActivityManager(   77): No content provider found for permission revoke: content:///com.rhomobile.catastro1
I/APP     ( 1663): I 06/15/2012 12:47:44:749 0000067f               Rhodes| Loading...
I/APP     ( 1663): I 06/15/2012 12:47:44:763 0000067f            RhodesApp| Trying to get free listening port.
I/APP     ( 1663): I 06/15/2012 12:47:44:766 0000067f            RhodesApp| Trying to bind of 0 port...
I/APP     ( 1663): I 06/15/2012 12:47:44:771 0000067f            RhodesApp| Got port to bind on: 41513
I/APP     ( 1663): I 06/15/2012 12:47:44:786 0000067f            RhodesApp| Free listening port: 41513
I/APP     ( 1663): I 06/15/2012 12:47:44:816 00000693         AppCallbacks| Starting main routine...
I/APP     ( 1663): I 06/15/2012 12:47:44:829 00000693         AppCallbacks| ThreadQueue blocked for 4294967295 seconds...
I/APP     ( 1663): I 06/15/2012 12:47:44:893 0000067f        RhodesService| Push is disabled
I/APP     ( 1663): I 06/15/2012 12:47:44:903 0000067f            RhodesApp| callAppActiveCallback
I/APP     ( 1663): I 06/15/2012 12:47:44:928 0000067f         AppCallbacks| addCommand: APP-ACTIVATED
I/APP     ( 1663): I 06/15/2012 12:47:44:932 00000693         AppCallbacks| Received command APP-ACTIVATED which is greater than expected (LOCAL-SERVER-STARTED) - postpone it
I/APP     ( 1663): I 06/15/2012 12:47:44:933 00000693         AppCallbacks| ThreadQueue blocked for 4294967295 seconds...
I/APP     ( 1663): I 06/15/2012 12:47:44:957 0000067f         AppActivated| Cannot commit now, application will be activated when started.
I/APP     ( 1663): I 06/15/2012 12:47:44:966 0000067f    RhodesApplication| New AppState: Undefined
D/RhodesService( 1663): +++ onStartCommand
I/RhodesService( 1663): handleCommand: startId=1, source=com.rhomobile.rhodes.BaseActivity
I/APP     ( 1663): I 06/15/2012 12:47:45:005 00000694            RhodesApp| Starting RhodesApp main routine...
D/RhodesService( 1663): New activity was created
I/APP     ( 1663): I 06/15/2012 12:47:45:032 0000067f        RhodesService| onBind
I/APP     ( 1663): I 06/15/2012 12:47:45:058 0000067f         AppCallbacks| addCommand: UI-CREATED
I/APP     ( 1663): I 06/15/2012 12:47:45:060 00000693         AppCallbacks| Received command UI-CREATED which is greater than expected (LOCAL-SERVER-STARTED) - postpone it
I/APP     ( 1663): I 06/15/2012 12:47:45:061 00000693         AppCallbacks| ThreadQueue blocked for 4294967295 seconds...
I/Process (   77): Sending signal. PID: 1663 SIG: 3
I/dalvikvm( 1663): threadid=3: reacting to signal 3
I/dalvikvm( 1663): Wrote stack traces to '/data/anr/traces.txt'
V/PhoneStatusBar(  129): setLightsOn(true)
I/APP     ( 1663): I 06/15/2012 12:47:45:319 0000067f       RhodesActivity| onServiceConnected: {com.rhomobile.catastro1/com.rhomobile.rhodes.RhodesService}
I/APP     ( 1663): I 06/15/2012 12:47:45:321 0000067f       RhodesActivity| New start parameters: 
I/APP     ( 1663): I 06/15/2012 12:47:45:348 0000067f            RhodesApp| New start params: 
W/webcore ( 1663): java.lang.Throwable: EventHub.removeMessages(int what = 107) is not supported before the WebViewCore is set up.
W/webcore ( 1663): 	at android.webkit.WebViewCore$EventHub.removeMessages(WebViewCore.java:1683)
W/webcore ( 1663): 	at android.webkit.WebViewCore$EventHub.access$7900(WebViewCore.java:926)
W/webcore ( 1663): 	at android.webkit.WebViewCore.removeMessages(WebViewCore.java:1795)
W/webcore ( 1663): 	at android.webkit.WebView.sendOurVisibleRect(WebView.java:2917)
W/webcore ( 1663): 	at android.webkit.ZoomManager.setZoomScale(ZoomManager.java:593)
W/webcore ( 1663): 	at android.webkit.ZoomManager.access$1700(ZoomManager.java:49)
W/webcore ( 1663): 	at android.webkit.ZoomManager$PostScale.run(ZoomManager.java:984)
W/webcore ( 1663): 	at android.os.Handler.handleCallback(Handler.java:605)
W/webcore ( 1663): 	at android.os.Handler.dispatchMessage(Handler.java:92)
W/webcore ( 1663): 	at android.os.Looper.loop(Looper.java:137)
W/webcore ( 1663): 	at android.app.ActivityThread.main(ActivityThread.java:4424)
W/webcore ( 1663): 	at java.lang.reflect.Method.invokeNative(Native Method)
W/webcore ( 1663): 	at java.lang.reflect.Method.invoke(Method.java:511)
W/webcore ( 1663): 	at com.android.internal.os.ZygoteInit$MethodAndArgsCaller.run(ZygoteInit.java:784)
W/webcore ( 1663): 	at com.android.internal.os.ZygoteInit.main(ZygoteInit.java:551)
W/webcore ( 1663): 	at dalvik.system.NativeStart.main(Native Method)
D/gralloc_goldfish( 1663): Emulator without GPU emulation detected.
I/Process (   77): Sending signal. PID: 1663 SIG: 3
I/dalvikvm( 1663): threadid=3: reacting to signal 3
W/InputManagerService(   77): Starting input on non-focused client com.android.internal.view.IInputMethodClient$Stub$Proxy@4168cf38 (uid=1000 pid=195)
I/dalvikvm( 1663): Wrote stack traces to '/data/anr/traces.txt'
I/ActivityManager(   77): Displayed com.rhomobile.catastro1/com.rhomobile.rhodes.RhodesActivity: +3s544ms
I/APP     ( 1663): I 06/15/2012 12:47:46:334 00000694              RhoRuby| Init_RhoBlobs: /data/data/com.rhomobile.catastro1/rhodata/db/db-files
I/APP     ( 1663): I 06/15/2012 12:47:46:477 00000694              RhoRuby| require_compiled: rhoframework
I/APP     ( 1663): I 06/15/2012 12:47:46:672 00000694              RhoRuby| require_compiled: rational
I/APP     ( 1663): I 06/15/2012 12:47:46:772 00000694              RhoRuby| require_compiled: rhom/rhom_db_adapter
I/APP     ( 1663): I 06/15/2012 12:47:46:959 00000694              RhoRuby| require_compiled: rhodes
I/APP     ( 1663): I 06/15/2012 12:47:46:993 00000694              RhoRuby| require_compiled: rhom/rhom_object
I/APP     ( 1663): I 06/15/2012 12:47:47:055 00000694              RhoRuby| require_compiled: rhofsconnector
I/APP     ( 1663): I 06/15/2012 12:47:47:061 00000694              RhoRuby| require_compiled: rho/rhofsconnector
I/APP     ( 1663): I 06/15/2012 12:47:47:153 00000694              RhoRuby| require_compiled: rhom/rhom_object_factory
I/APP     ( 1663): I 06/15/2012 12:47:47:746 00000694              RhoRuby| require_compiled: rhom/rhom
W/NetworkManagementSocketTagger(   77): setKernelCountSet(1000, 0) failed with errno -2
I/APP     ( 1663): I 06/15/2012 12:47:47:798 00000694              RhoRuby| require_compiled: rhom/rhom_model
I/APP     ( 1663): I 06/15/2012 12:47:47:851 00000694              RhoRuby| require_compiled: rhom
I/APP     ( 1663): I 06/15/2012 12:47:47:856 00000694              RhoRuby| require_compiled: rho/rhoapplication
I/APP     ( 1663): I 06/15/2012 12:47:47:921 00000694              RhoRuby| require_compiled: rholang/localization_simplified
I/APP     ( 1663): I 06/15/2012 12:47:47:972 00000694              RhoRuby| require_compiled: rho/rhomsg
I/APP     ( 1663): I 06/15/2012 12:47:47:991 00000694              RhoRuby| require_compiled: rho/rhotabbar
I/APP     ( 1663): I 06/15/2012 12:47:48:031 00000694              RhoRuby| require_compiled: rho/rhotoolbar
I/APP     ( 1663): I 06/15/2012 12:47:48:054 00000694                  APP| Current locale: ; Country code: 
I/APP     ( 1663): I 06/15/2012 12:47:48:058 00000694                  APP| Locilized file: /data/data/com.rhomobile.catastro1/rhodata/lib/rholang/lang_
I/APP     ( 1663): I 06/15/2012 12:47:48:091 00000694              RhoRuby| require_compiled: /data/data/com.rhomobile.catastro1/rhodata/lib/rholang/lang_en
I/APP     ( 1663): I 06/15/2012 12:47:48:122 00000694                  APP| Locilized file: /data/data/com.rhomobile.catastro1/rhodata/apps/app/lang/lang_
I/APP     ( 1663): I 06/15/2012 12:47:48:126 00000694                  APP| Locilized file: /data/data/com.rhomobile.catastro1/rhodata/lib/rholang/rhoerror_
I/APP     ( 1663): I 06/15/2012 12:47:48:156 00000694              RhoRuby| require_compiled: /data/data/com.rhomobile.catastro1/rhodata/lib/rholang/rhoerror_en
I/APP     ( 1663): I 06/15/2012 12:47:48:179 00000694                  APP| Locilized file: /data/data/com.rhomobile.catastro1/rhodata/lib/rholang/rhomsg_
I/APP     ( 1663): I 06/15/2012 12:47:48:182 00000694              RhoRuby| require_compiled: /data/data/com.rhomobile.catastro1/rhodata/lib/rholang/rhomsg_en
I/APP     ( 1663): I 06/15/2012 12:47:48:220 00000694              RhoRuby| require_compiled: indifferent_access
I/APP     ( 1663): I 06/15/2012 12:47:48:274 00000694              RhoRuby| require_compiled: rho/rhosupport
I/APP     ( 1663): I 06/15/2012 12:47:48:335 00000694              RhoRuby| require_compiled: rho/rhocontroller
I/APP     ( 1663): I 06/15/2012 12:47:48:400 00000694              RhoRuby| require_compiled: rho/render
D/dalvikvm( 1663): GC_CONCURRENT freed 313K, 5% free 9315K/9735K, paused 8ms+16ms
D/webviewglue( 1663): nativeDestroy view: 0x2f0e78
I/APP     ( 1663): I 06/15/2012 12:47:48:544 00000694              RhoRuby| require_compiled: rho/rho
I/APP     ( 1663): I 06/15/2012 12:47:48:746 00000694              RhoRuby| require_compiled: rho/rhoerror
I/APP     ( 1663): I 06/15/2012 12:47:48:770 00000694              RhoRuby| require_compiled: rhom/rhom_source
I/APP     ( 1663): I 06/15/2012 12:47:48:829 00000694              RhoRuby| require_compiled: rho/rhoviewhelpers
I/APP     ( 1663): I 06/15/2012 12:47:48:868 00000694              RhoRuby| require_compiled: rho
I/APP     ( 1663): I 06/15/2012 12:47:48:872 00000694                  APP| RHO loaded
I/APP     ( 1663): I 06/15/2012 12:47:48:897 00000694                  APP| Calling RHO.initialize
I/APP     ( 1663): I 06/15/2012 12:47:48:902 00000694                  APP| model file: Cliente/cliente
I/APP     ( 1663): I 06/15/2012 12:47:48:924 00000694                  APP| model file: Conexagua/conexagua
I/APP     ( 1663): I 06/15/2012 12:47:48:927 00000694                  APP| model file: Conexion/conexion
I/APP     ( 1663): I 06/15/2012 12:47:48:948 00000694                  APP| model file: Cuenta/cuenta
I/APP     ( 1663): I 06/15/2012 12:47:48:950 00000694                  APP| model file: Localizacion/localizacion
I/APP     ( 1663): I 06/15/2012 12:47:48:972 00000694                  APP| model file: Medidor/medidor
I/APP     ( 1663): I 06/15/2012 12:47:48:979 00000694                  APP| model file: Predio/predio
I/APP     ( 1663): I 06/15/2012 12:47:48:993 00000694                  APP| model file: Rol/rol
I/APP     ( 1663): I 06/15/2012 12:47:48:996 00000694                  APP| model file: Unidaduso/unidaduso
I/APP     ( 1663): I 06/15/2012 12:47:49:001 00000694                  APP| model file: Usuario/usuario
I/APP     ( 1663): I 06/15/2012 12:47:49:006 00000694                  APP| model file: Utm/utm
I/APP     ( 1663): I 06/15/2012 12:47:49:025 00000694                   DB| Open DB: /data/data/com.rhomobile.catastro1/rhodata/db/syncdbuser.sqlite
I/APP     ( 1663): I 06/15/2012 12:47:49:049 00000694          GeoLocation| Creating singleton instance.
I/APP     ( 1663): I 06/15/2012 12:47:49:053 00000694            RhodesApp| Starting sync engine...
I/APP     ( 1663): I 06/15/2012 12:47:49:077 00000694                 Sync| sync_poll_interval: 0
I/APP     ( 1663): I 06/15/2012 12:47:49:080 00000694                 Sync| syncserver: 
I/APP     ( 1663): I 06/15/2012 12:47:49:090 00000694                 Sync| bulksync_state: 0
I/APP     ( 1663): I 06/15/2012 12:47:49:094 00000694            RhodesApp| RhoRubyInitApp...
I/APP     ( 1663): I 06/15/2012 12:47:49:098 00000694                  APP| init_app
I/APP     ( 1663): I 06/15/2012 12:47:49:110 00000694              RhoRuby| require_compiled: application
I/APP     ( 1663): I 06/15/2012 12:47:49:128 00000694              RhoRuby| require_compiled: validatable
I/APP     ( 1663): I 06/15/2012 12:47:49:149 00000694              RhoRuby| require_compiled: validatable/core_ext/blank
I/APP     ( 1663): I 06/15/2012 12:47:49:184 00000694              RhoRuby| require_compiled: validatable/object_extension
I/APP     ( 1663): I 06/15/2012 12:47:49:213 00000694              RhoRuby| require_compiled: validatable/errors
I/APP     ( 1663): I 06/15/2012 12:47:49:257 00000694              RhoRuby| require_compiled: validatable/validatable_class_methods
I/APP     ( 1663): I 06/15/2012 12:47:49:297 00000694              RhoRuby| require_compiled: validatable/macros
I/APP     ( 1663): I 06/15/2012 12:47:49:331 00000694              RhoRuby| require_compiled: validatable/validatable_instance_methods
I/APP     ( 1663): I 06/15/2012 12:47:49:369 00000694              RhoRuby| require_compiled: validatable/included_validation
I/APP     ( 1663): I 06/15/2012 12:47:49:392 00000694              RhoRuby| require_compiled: validatable/child_validation
I/APP     ( 1663): I 06/15/2012 12:47:49:414 00000694              RhoRuby| require_compiled: validatable/understandable
I/APP     ( 1663): I 06/15/2012 12:47:49:438 00000694              RhoRuby| require_compiled: validatable/requireable
I/APP     ( 1663): I 06/15/2012 12:47:49:462 00000694              RhoRuby| require_compiled: validatable/validations/validation_base
I/APP     ( 1663): I 06/15/2012 12:47:49:499 00000694              RhoRuby| require_compiled: validatable/validations/validates_format_of
I/APP     ( 1663): I 06/15/2012 12:47:49:525 00000694              RhoRuby| require_compiled: validatable/validations/validates_presence_of
I/APP     ( 1663): I 06/15/2012 12:47:49:547 00000694              RhoRuby| require_compiled: validatable/validations/validates_acceptance_of
I/APP     ( 1663): I 06/15/2012 12:47:49:569 00000694              RhoRuby| require_compiled: validatable/validations/validates_confirmation_of
I/APP     ( 1663): I 06/15/2012 12:47:49:596 00000694              RhoRuby| require_compiled: validatable/validations/validates_length_of
I/APP     ( 1663): I 06/15/2012 12:47:49:623 00000694              RhoRuby| require_compiled: validatable/validations/validates_true_for
I/APP     ( 1663): I 06/15/2012 12:47:49:651 00000694              RhoRuby| require_compiled: validatable/validations/validates_numericality_of
I/APP     ( 1663): I 06/15/2012 12:47:49:686 00000694              RhoRuby| require_compiled: validatable/validations/validates_exclusion_of
I/APP     ( 1663): I 06/15/2012 12:47:49:712 00000694              RhoRuby| require_compiled: validatable/validations/validates_inclusion_of
I/APP     ( 1663): I 06/15/2012 12:47:49:735 00000694              RhoRuby| require_compiled: validatable/validations/validates_each
I/APP     ( 1663): I 06/15/2012 12:47:49:761 00000694              RhoRuby| require_compiled: validatable/validations/validates_associated
I/APP     ( 1663): I 06/15/2012 12:47:49:788 00000694                 Sync| Set notification. Source ID: -1;Url :http://localhost:41513/app/Settings/sync_notify; Params: 
I/APP     ( 1663): I 06/15/2012 12:47:49:792 00000694           HttpServer| Start HTTP server
I/APP     ( 1663): I 06/15/2012 12:47:49:816 00000694           HttpServer| Listen for connections on port 41513
I/APP     ( 1663): I 06/15/2012 12:47:49:820 00000694         AppCallbacks| addCommand: LOCAL-SERVER-STARTED
I/APP     ( 1663): I 06/15/2012 12:47:49:842 00000693         AppCallbacks| process command: LOCAL-SERVER-STARTED
I/APP     ( 1663): I 06/15/2012 12:47:49:843 00000693 RhodesAppActiveObserver| Ready
I/APP     ( 1663): I 06/15/2012 12:47:49:863 0000067f AndroidFunctionality| Disable WebView zoom
I/APP     ( 1663): I 06/15/2012 12:47:49:866 0000067f AndroidFunctionality| Set web plugins state 'OFF'
I/APP     ( 1663): I 06/15/2012 12:47:49:877 00000693    RhodesApplication| New AppState: AppActivated
I/APP     ( 1663): I 06/15/2012 12:47:49:883 00000693         AppCallbacks| process command: UI-CREATED
I/APP     ( 1663): I 06/15/2012 12:47:49:967 00000694           HttpServer| Process URI: '/system/uicreated'
I/APP     ( 1663): I 06/15/2012 12:47:49:969 00000694                  APP| on_ui_created.navigate to start url: '/app'
I/APP     ( 1663): I 06/15/2012 12:47:49:971 0000067f         SplashScreen| navigate: url=http://localhost:41513/app
I/APP     ( 1663): I 06/15/2012 12:47:49:972 0000067f         SplashScreen| DELAY for SplashScreen = 0
I/APP     ( 1663): I 06/15/2012 12:47:50:030 00000693         AppCallbacks| process command: APP-ACTIVATED
I/APP     ( 1663): I 06/15/2012 12:47:50:059 0000067f        GoogleWebView| Creating new RhoWebChromeClient
I/APP     ( 1663): I 06/15/2012 12:47:50:095 0000067f       SimpleMainView| Cleared URL: http://localhost:41513/app
I/APP     ( 1663): I 06/15/2012 12:47:50:114 00000694           HttpServer| Process URI: '/system/activateapp'
I/APP     ( 1663): I 06/15/2012 12:47:50:138 00000693         AppCallbacks| ThreadQueue blocked for 4294967295 seconds...
V/SimpleMainView.View( 1663): ms[1339782470164]  Main Window :: onSizeChanged() old [ 480 x 762 ]  new [ 0 x 0 ]
I/APP     ( 1663): I 06/15/2012 12:47:50:333 0000067f        GoogleWebView| Setting RhoWebChromeClient
I/APP     ( 1663): I 06/15/2012 12:47:50:369 00000694           HttpServer| Process URI: '/app'
I/APP     ( 1663): I 06/15/2012 12:47:50:440 0000067f     RhoWebViewClient| Loading URL: http://localhost:41513/app/index_erb.iseq
I/APP     ( 1663): I 06/15/2012 12:47:50:477 00000694           HttpServer| Process URI: '/app/index_erb.iseq'
I/APP     ( 1663): I 06/15/2012 12:47:50:481 00000694                  APP| RHO serve_index: /app/index_erb.iseq
I/APP     ( 1663): I 06/15/2012 12:47:50:510 00000694 RHO Rho::RhoController| inst_render_index
I/APP     ( 1663): I 06/15/2012 12:47:50:574 00000694 RHO Rho::RhoController| index layout
I/APP     ( 1663): I 06/15/2012 12:47:50:688 00000694           HttpServer| GC Start.
I/APP     ( 1663): I 06/15/2012 12:47:50:844 00000694           HttpServer| GC End.
I/APP     ( 1663): I 06/15/2012 12:47:51:052 00000694           HttpServer| Process URI: '/public/jquery/jquery-1.6.4.min.js'
I/APP     ( 1663): I 06/15/2012 12:47:51:151 00000694           HttpServer| Process URI: '/public/jquery/jquery.json-2.3.min.js'
I/APP     ( 1663): I 06/15/2012 12:47:51:236 00000694           HttpServer| Process URI: '/public/jqmobile/jquery.mobile-1.0.1.min.css'
I/APP     ( 1663): I 06/15/2012 12:47:51:366 00000694           HttpServer| Process URI: '/public/css/jqmobile-patch.css'
I/APP     ( 1663): I 06/15/2012 12:47:51:418 00000694           HttpServer| Process URI: '/public/jqmobile/jquery.mobile-1.0.1.min.js'
D/dalvikvm( 1663): GC_CONCURRENT freed 445K, 6% free 9356K/9927K, paused 3ms+47ms
I/APP     ( 1663): I 06/15/2012 12:47:51:583 00000694           HttpServer| Process URI: '/public/js/jqmobile-patch.js'
I/APP     ( 1663): I 06/15/2012 12:47:51:639 00000694           HttpServer| Process URI: '/public/css/android.css'
I/APP     ( 1663): I 06/15/2012 12:47:55:962 00000694           HttpServer| Process URI: '/public/jqmobile/images/icons-36-white.png'
D/dalvikvm(   77): GC_CONCURRENT freed 405K, 16% free 11377K/13447K, paused 20ms+8ms
D/dalvikvm(  156): GC_CONCURRENT freed 384K, 6% free 9532K/10119K, paused 6ms+5ms
D/dalvikvm(  129): GC_CONCURRENT freed 367K, 52% free 9818K/20167K, paused 5ms+7ms
I/APP     ( 1663): I 06/15/2012 12:50:16:289 00000694           HttpServer| Process URI: '/app/Usuario'
I/APP     ( 1663): I 06/15/2012 12:50:16:292 00000694                  APP| RHO serve: /app/Usuario
I/APP     ( 1663): I 06/15/2012 12:50:16:326 00000694              RhoRuby| require_compiled: Usuario/usuario_controller
I/APP     ( 1663): I 06/15/2012 12:50:16:362 00000694              RhoRuby| require_compiled: helpers/browser_helper
I/APP     ( 1663): I 06/15/2012 12:50:16:420 00000694                  APP| const_missing: Usuario
I/APP     ( 1663): I 06/15/2012 12:50:16:460 00000694                  APP| load_model: Usuario
I/APP     ( 1663): I 06/15/2012 12:50:16:497 00000694              RhoRuby| require_compiled: Usuario/usuario
I/APP     ( 1663): I 06/15/2012 12:50:16:524 00000694                  APP| Klass : Usuario
I/APP     ( 1663): I 06/15/2012 12:50:16:526 00000694                  APP| Attribute: nombre
I/APP     ( 1663): I 06/15/2012 12:50:16:579 00000694                  APP| Options: {}
I/APP     ( 1663): I 06/15/2012 12:50:16:606 00000694                  APP| model name: Usuario
I/APP     ( 1663): I 06/15/2012 12:50:16:608 00000694                  APP| model class found
I/APP     ( 1663): I 06/15/2012 12:50:16:639 00000694                  APP| Usuario : {"sync_type"=>"incremental", "belongs_to"=>[{"rol_id"=>"Rol"}, {"cuenta_id"=>"Cuenta"}], "property"=>{}}
I/APP     ( 1663): I 06/15/2012 12:50:16:663 00000694                  APP| init_db_sources
I/APP     ( 1663): I 06/15/2012 12:50:16:695 00000694                  APP| start_id: 5
I/APP     ( 1663): I 06/15/2012 12:50:16:697 00000694                  APP| Migrate schema sources: {}
I/APP     ( 1663): I 06/15/2012 12:50:16:844 00000694           HttpServer| GC Start.
I/APP     ( 1663): I 06/15/2012 12:50:16:887 00000694           HttpServer| GC End.
E/libEGL  ( 1663): call to OpenGL ES API with no current context (logged once per thread)
D/ShaderProgram( 1663): couldn't load the vertex shader!
E/libEGL  ( 1663): call to OpenGL ES API with no current context (logged once per thread)
D/ShaderProgram( 1663): couldn't load the vertex shader!
E/libEGL  ( 1663): call to OpenGL ES API with no current context (logged once per thread)
D/ShaderProgram( 1663): couldn't load the vertex shader!
E/libEGL  ( 1663): call to OpenGL ES API with no current context (logged once per thread)
D/ShaderProgram( 1663): couldn't load the vertex shader!
E/libEGL  ( 1663): call to OpenGL ES API with no current context (logged once per thread)
D/ShaderProgram( 1663): couldn't load the vertex shader!
I/APP     ( 1663): I 06/15/2012 12:50:20:052 00000694           HttpServer| Process URI: '/app/Usuario/new'
I/APP     ( 1663): I 06/15/2012 12:50:20:054 00000694                  APP| RHO serve: /app/Usuario/new
I/APP     ( 1663): I 06/15/2012 12:50:20:092 00000694                  APP| const_missing: Rol
I/APP     ( 1663): I 06/15/2012 12:50:20:111 00000694                  APP| load_model: Rol
I/APP     ( 1663): I 06/15/2012 12:50:20:144 00000694              RhoRuby| require_compiled: Rol/rol
I/APP     ( 1663): I 06/15/2012 12:50:20:186 00000694                  APP| model name: Rol
I/APP     ( 1663): I 06/15/2012 12:50:20:189 00000694                  APP| model class found
I/APP     ( 1663): I 06/15/2012 12:50:20:219 00000694                  APP| Rol : {"property"=>{}}
I/APP     ( 1663): I 06/15/2012 12:50:20:224 00000694                   DB| Open DB: /data/data/com.rhomobile.catastro1/rhodata/db/syncdblocal.sqlite
I/APP     ( 1663): I 06/15/2012 12:50:20:260 00000694                  APP| init_db_sources
I/APP     ( 1663): I 06/15/2012 12:50:20:297 00000694                  APP| start_id: 40005
I/APP     ( 1663): I 06/15/2012 12:50:20:328 00000694                  APP| Migrate schema sources: {}
I/APP     ( 1663): I 06/15/2012 12:50:20:546 00000694           HttpServer| GC Start.
I/APP     ( 1663): I 06/15/2012 12:50:20:605 00000694           HttpServer| GC End.
I/APP     ( 1663): I 06/15/2012 12:50:21:434 00000694           HttpServer| Process URI: '/public/images/android/ic_menu_more.png'
I/APP     ( 1663): I 06/15/2012 12:50:25:435 00000694           HttpServer| Process URI: '/app/Cuenta/new'
I/APP     ( 1663): I 06/15/2012 12:50:25:437 00000694                  APP| RHO serve: /app/Cuenta/new
I/APP     ( 1663): I 06/15/2012 12:50:25:457 00000694              RhoRuby| require_compiled: Cuenta/cuenta_controller
I/APP     ( 1663): I 06/15/2012 12:50:25:550 00000694                  APP| const_missing: Cuenta
I/APP     ( 1663): I 06/15/2012 12:50:25:569 00000694                  APP| load_model: Cuenta
I/APP     ( 1663): I 06/15/2012 12:50:25:617 00000694              RhoRuby| require_compiled: Cuenta/cuenta
I/APP     ( 1663): I 06/15/2012 12:50:25:650 00000694                  APP| Klass : Cuenta
I/APP     ( 1663): I 06/15/2012 12:50:25:679 00000694                  APP| Attribute: password
I/APP     ( 1663): I 06/15/2012 12:50:25:682 00000694                  APP| Options: {}
I/APP     ( 1663): I 06/15/2012 12:50:25:709 00000694                  APP| Klass : Cuenta
I/APP     ( 1663): I 06/15/2012 12:50:25:718 00000694                  APP| Attribute: password
I/APP     ( 1663): I 06/15/2012 12:50:25:741 00000694                  APP| Options: {}
I/APP     ( 1663): I 06/15/2012 12:50:25:759 00000694                  APP| Klass : Cuenta
I/APP     ( 1663): I 06/15/2012 12:50:25:769 00000694                  APP| Attribute: password
