I/APP     ( 1663): I 06/15/2012 12:50:25:771 00000694                  APP| Options: {:within=>4..6, :message=>"Password deberia tener de 4 a 6 caracters"}
I/APP     ( 1663): I 06/15/2012 12:50:25:798 00000694                  APP| Klass : Cuenta
I/APP     ( 1663): I 06/15/2012 12:50:25:800 00000694                  APP| Attribute: user
I/APP     ( 1663): I 06/15/2012 12:50:25:822 00000694                  APP| Options: {}
I/APP     ( 1663): I 06/15/2012 12:50:25:825 00000694                  APP| model name: Cuenta
I/APP     ( 1663): I 06/15/2012 12:50:25:841 00000694                  APP| model class found
I/APP     ( 1663): I 06/15/2012 12:50:25:843 00000694                  APP| Cuenta : {"sync_type"=>"incremental", "property"=>{}}
I/APP     ( 1663): I 06/15/2012 12:50:25:859 00000694                  APP| init_db_sources
I/APP     ( 1663): I 06/15/2012 12:50:25:876 00000694                  APP| start_id: 5
I/APP     ( 1663): I 06/15/2012 12:50:25:878 00000694                  APP| Migrate schema sources: {}
I/APP     ( 1663): I 06/15/2012 12:50:25:986 00000694           HttpServer| GC Start.
I/APP     ( 1663): I 06/15/2012 12:50:26:036 00000694           HttpServer| GC End.
D/dalvikvm(  129): GC_CONCURRENT freed 379K, 52% free 9865K/20167K, paused 7ms+6ms
I/APP     ( 1663): I 06/15/2012 12:50:40:436 00000694           HttpServer| Process URI: '/app/Usuario/new'
I/APP     ( 1663): I 06/15/2012 12:50:40:440 00000694                  APP| RHO serve: /app/Usuario/new
I/APP     ( 1663): I 06/15/2012 12:50:40:489 00000694                  APP| Params: {"id"=>"108996620082000.83", "cuenta"=>{"user"=>"mierda", "password"=>"da"}}
D/dalvikvm(  129): GC_CONCURRENT freed 427K, 52% free 9836K/20167K, paused 4ms+29ms
I/APP     ( 1663): I 06/15/2012 12:50:40:918 00000694           HttpServer| GC Start.
I/APP     ( 1663): I 06/15/2012 12:50:40:984 00000694           HttpServer| GC End.
I/APP     ( 1663): I 06/15/2012 12:50:45:947 00000694           HttpServer| Process URI: '/app/Usuario'
I/APP     ( 1663): I 06/15/2012 12:50:45:949 00000694                  APP| RHO serve: /app/Usuario
I/APP     ( 1663): I 06/15/2012 12:50:46:041 00000694           HttpServer| GC Start.
I/APP     ( 1663): I 06/15/2012 12:50:46:091 00000694           HttpServer| GC End.
V/BackupManagerService(   77): Running a backup pass
V/BackupManagerService(   77): Backup requested but nothing pending
W/ThrottleService(   77): unable to find stats for iface rmnet0
D/dalvikvm(  156): GC_CONCURRENT freed 385K, 6% free 9532K/10119K, paused 14ms+5ms
F/NetworkStats(   77): problem reading network stats
F/NetworkStats(   77): java.lang.IllegalStateException: problem parsing idx 1
F/NetworkStats(   77): 	at com.android.internal.net.NetworkStatsFactory.readNetworkStatsDetail(NetworkStatsFactory.java:300)
F/NetworkStats(   77): 	at com.android.server.NetworkManagementService.getNetworkStatsUidDetail(NetworkManagementService.java:1282)
F/NetworkStats(   77): 	at com.android.server.net.NetworkStatsService.performPollLocked(NetworkStatsService.java:831)
F/NetworkStats(   77): 	at com.android.server.net.NetworkStatsService.performPoll(NetworkStatsService.java:799)
F/NetworkStats(   77): 	at com.android.server.net.NetworkStatsService.access$100(NetworkStatsService.java:128)
F/NetworkStats(   77): 	at com.android.server.net.NetworkStatsService$3.onReceive(NetworkStatsService.java:633)
F/NetworkStats(   77): 	at android.app.LoadedApk$ReceiverDispatcher$Args.run(LoadedApk.java:728)
F/NetworkStats(   77): 	at android.os.Handler.handleCallback(Handler.java:605)
F/NetworkStats(   77): 	at android.os.Handler.dispatchMessage(Handler.java:92)
F/NetworkStats(   77): 	at android.os.Looper.loop(Looper.java:137)
F/NetworkStats(   77): 	at android.os.HandlerThread.run(HandlerThread.java:60)
F/NetworkStats(   77): Caused by: java.io.FileNotFoundException: /proc/net/xt_qtaguid/stats: open failed: ENOENT (No such file or directory)
F/NetworkStats(   77): 	at libcore.io.IoBridge.open(IoBridge.java:406)
F/NetworkStats(   77): 	at java.io.FileInputStream.<init>(FileInputStream.java:78)
F/NetworkStats(   77): 	at com.android.internal.net.NetworkStatsFactory.readNetworkStatsDetail(NetworkStatsFactory.java:269)
F/NetworkStats(   77): 	... 10 more
F/NetworkStats(   77): Caused by: libcore.io.ErrnoException: open failed: ENOENT (No such file or directory)
F/NetworkStats(   77): 	at libcore.io.Posix.open(Native Method)
F/NetworkStats(   77): 	at libcore.io.BlockGuardOs.open(BlockGuardOs.java:110)
F/NetworkStats(   77): 	at libcore.io.IoBridge.open(IoBridge.java:390)
F/NetworkStats(   77): 	... 12 more
D/dalvikvm(   77): GC_CONCURRENT freed 526K, 16% free 11397K/13447K, paused 8ms+9ms
I/APP     ( 1663): I 06/15/2012 13:00:04:244 00000694           HttpServer| Process URI: '/app/Usuario/new'
I/APP     ( 1663): I 06/15/2012 13:00:04:246 00000694                  APP| RHO serve: /app/Usuario/new
I/APP     ( 1663): I 06/15/2012 13:00:04:415 00000694           HttpServer| GC Start.
I/APP     ( 1663): I 06/15/2012 13:00:04:456 00000694           HttpServer| GC End.
I/APP     ( 1663): I 06/15/2012 13:00:08:142 00000694           HttpServer| Process URI: '/app/Cuenta/new'
I/APP     ( 1663): I 06/15/2012 13:00:08:146 00000694                  APP| RHO serve: /app/Cuenta/new
I/APP     ( 1663): I 06/15/2012 13:00:08:227 00000694           HttpServer| GC Start.
I/APP     ( 1663): I 06/15/2012 13:00:08:281 00000694           HttpServer| GC End.
D/dalvikvm( 1663): GC_CONCURRENT freed 393K, 6% free 9401K/9927K, paused 13ms+5ms
D/dalvikvm(  129): GC_CONCURRENT freed 362K, 51% free 9970K/20167K, paused 13ms+6ms
I/APP     ( 1663): I 06/15/2012 13:00:23:237 00000694           HttpServer| Process URI: '/app/Usuario/new'
I/APP     ( 1663): I 06/15/2012 13:00:23:239 00000694                  APP| RHO serve: /app/Usuario/new
I/APP     ( 1663): I 06/15/2012 13:00:23:277 00000694                  APP| Params: {"id"=>"108996620082004.83", "cuenta"=>{"user"=>"", "password"=>""}}
D/dalvikvm(  129): GC_CONCURRENT freed 529K, 51% free 9952K/20167K, paused 4ms+47ms
I/APP     ( 1663): I 06/15/2012 13:00:23:582 00000694           HttpServer| GC Start.
I/APP     ( 1663): I 06/15/2012 13:00:23:661 00000694           HttpServer| GC End.
I/APP     ( 1663): I 06/15/2012 13:00:28:710 0000067f       SimpleMainView| Cleared URL: http://localhost:41513/app/Usuario
I/APP     ( 1663): I 06/15/2012 13:00:28:739 00000694           HttpServer| Process URI: '/app/Usuario'
I/APP     ( 1663): I 06/15/2012 13:00:28:741 00000694                  APP| RHO serve: /app/Usuario
I/APP     ( 1663): I 06/15/2012 13:00:28:853 00000694 RHO UsuarioController| Layout file: /data/data/com.rhomobile.catastro1/rhodata/apps/app/layout_erb.iseq. Content size: 2531
I/APP     ( 1663): I 06/15/2012 13:00:28:891 00000694           HttpServer| GC Start.
I/APP     ( 1663): I 06/15/2012 13:00:28:944 00000694           HttpServer| GC End.
D/dalvikvm(  156): GC_CONCURRENT freed 383K, 6% free 9533K/10119K, paused 8ms+4ms
W/ThrottleService(   77): unable to find stats for iface rmnet0
D/dalvikvm(  156): GC_CONCURRENT freed 383K, 6% free 9533K/10119K, paused 9ms+7ms
F/BatteryStatsImpl(   77): problem reading network stats
F/BatteryStatsImpl(   77): java.lang.IllegalStateException: problem parsing idx 1
F/BatteryStatsImpl(   77): 	at com.android.internal.net.NetworkStatsFactory.readNetworkStatsDetail(NetworkStatsFactory.java:300)
F/BatteryStatsImpl(   77): 	at com.android.internal.net.NetworkStatsFactory.readNetworkStatsDetail(NetworkStatsFactory.java:250)
F/BatteryStatsImpl(   77): 	at com.android.internal.os.BatteryStatsImpl.getNetworkStatsDetailGroupedByUid(BatteryStatsImpl.java:5734)
F/BatteryStatsImpl(   77): 	at com.android.internal.os.BatteryStatsImpl.access$100(BatteryStatsImpl.java:76)
F/BatteryStatsImpl(   77): 	at com.android.internal.os.BatteryStatsImpl$Uid.computeCurrentTcpBytesReceived(BatteryStatsImpl.java:2457)
F/BatteryStatsImpl(   77): 	at com.android.internal.os.BatteryStatsImpl$Uid.getTcpBytesReceived(BatteryStatsImpl.java:2446)
F/BatteryStatsImpl(   77): 	at com.android.internal.os.BatteryStatsImpl.writeSummaryToParcel(BatteryStatsImpl.java:5437)
F/BatteryStatsImpl(   77): 	at com.android.internal.os.BatteryStatsImpl.writeLocked(BatteryStatsImpl.java:4836)
F/BatteryStatsImpl(   77): 	at com.android.internal.os.BatteryStatsImpl.writeAsyncLocked(BatteryStatsImpl.java:4818)
F/BatteryStatsImpl(   77): 	at com.android.server.am.ActivityManagerService.updateCpuStatsNow(ActivityManagerService.java:1652)
F/BatteryStatsImpl(   77): 	at com.android.server.am.ActivityManagerService$3.run(ActivityManagerService.java:1534)
F/BatteryStatsImpl(   77): Caused by: java.io.FileNotFoundException: /proc/net/xt_qtaguid/stats: open failed: ENOENT (No such file or directory)
F/BatteryStatsImpl(   77): 	at libcore.io.IoBridge.open(IoBridge.java:406)
F/BatteryStatsImpl(   77): 	at java.io.FileInputStream.<init>(FileInputStream.java:78)
F/BatteryStatsImpl(   77): 	at com.android.internal.net.NetworkStatsFactory.readNetworkStatsDetail(NetworkStatsFactory.java:269)
F/BatteryStatsImpl(   77): 	... 10 more
F/BatteryStatsImpl(   77): Caused by: libcore.io.ErrnoException: open failed: ENOENT (No such file or directory)
F/BatteryStatsImpl(   77): 	at libcore.io.Posix.open(Native Method)
F/BatteryStatsImpl(   77): 	at libcore.io.BlockGuardOs.open(BlockGuardOs.java:110)
F/BatteryStatsImpl(   77): 	at libcore.io.IoBridge.open(IoBridge.java:390)
F/BatteryStatsImpl(   77): 	... 12 more
D/dalvikvm(   77): GC_CONCURRENT freed 576K, 16% free 11411K/13447K, paused 8ms+9ms
W/ThrottleService(   77): unable to find stats for iface rmnet0
D/dalvikvm(  156): GC_CONCURRENT freed 387K, 6% free 9533K/10119K, paused 4ms+5ms
D/dalvikvm(  156): GC_CONCURRENT freed 384K, 6% free 9532K/10119K, paused 16ms+4ms
W/ThrottleService(   77): unable to find stats for iface rmnet0
F/NetworkStats(   77): problem reading network stats
F/NetworkStats(   77): java.lang.IllegalStateException: problem parsing idx 1
F/NetworkStats(   77): 	at com.android.internal.net.NetworkStatsFactory.readNetworkStatsDetail(NetworkStatsFactory.java:300)
F/NetworkStats(   77): 	at com.android.server.NetworkManagementService.getNetworkStatsUidDetail(NetworkManagementService.java:1282)
F/NetworkStats(   77): 	at com.android.server.net.NetworkStatsService.performPollLocked(NetworkStatsService.java:831)
F/NetworkStats(   77): 	at com.android.server.net.NetworkStatsService.performPoll(NetworkStatsService.java:799)
F/NetworkStats(   77): 	at com.android.server.net.NetworkStatsService.access$100(NetworkStatsService.java:128)
F/NetworkStats(   77): 	at com.android.server.net.NetworkStatsService$3.onReceive(NetworkStatsService.java:633)
F/NetworkStats(   77): 	at android.app.LoadedApk$ReceiverDispatcher$Args.run(LoadedApk.java:728)
F/NetworkStats(   77): 	at android.os.Handler.handleCallback(Handler.java:605)
F/NetworkStats(   77): 	at android.os.Handler.dispatchMessage(Handler.java:92)
F/NetworkStats(   77): 	at android.os.Looper.loop(Looper.java:137)
F/NetworkStats(   77): 	at android.os.HandlerThread.run(HandlerThread.java:60)
F/NetworkStats(   77): Caused by: java.io.FileNotFoundException: /proc/net/xt_qtaguid/stats: open failed: ENOENT (No such file or directory)
F/NetworkStats(   77): 	at libcore.io.IoBridge.open(IoBridge.java:406)
F/NetworkStats(   77): 	at java.io.FileInputStream.<init>(FileInputStream.java:78)
F/NetworkStats(   77): 	at com.android.internal.net.NetworkStatsFactory.readNetworkStatsDetail(NetworkStatsFactory.java:269)
F/NetworkStats(   77): 	... 10 more
F/NetworkStats(   77): Caused by: libcore.io.ErrnoException: open failed: ENOENT (No such file or directory)
F/NetworkStats(   77): 	at libcore.io.Posix.open(Native Method)
F/NetworkStats(   77): 	at libcore.io.BlockGuardOs.open(BlockGuardOs.java:110)
F/NetworkStats(   77): 	at libcore.io.IoBridge.open(IoBridge.java:390)
F/NetworkStats(   77): 	... 12 more
D/dalvikvm(   77): JIT code cache reset in 42 ms (1048464 bytes 1/0)
D/dalvikvm(   77): GC_CONCURRENT freed 500K, 16% free 11417K/13447K, paused 6ms+53ms
D/dalvikvm(  156): GC_CONCURRENT freed 384K, 6% free 9533K/10119K, paused 5ms+5ms
W/ThrottleService(   77): unable to find stats for iface rmnet0
D/dalvikvm(  156): GC_CONCURRENT freed 387K, 6% free 9533K/10119K, paused 4ms+4ms
F/BatteryStatsImpl(   77): problem reading network stats
F/BatteryStatsImpl(   77): java.lang.IllegalStateException: problem parsing idx 1
F/BatteryStatsImpl(   77): 	at com.android.internal.net.NetworkStatsFactory.readNetworkStatsDetail(NetworkStatsFactory.java:300)
F/BatteryStatsImpl(   77): 	at com.android.internal.net.NetworkStatsFactory.readNetworkStatsDetail(NetworkStatsFactory.java:250)
F/BatteryStatsImpl(   77): 	at com.android.internal.os.BatteryStatsImpl.getNetworkStatsDetailGroupedByUid(BatteryStatsImpl.java:5734)
F/BatteryStatsImpl(   77): 	at com.android.internal.os.BatteryStatsImpl.access$100(BatteryStatsImpl.java:76)
F/BatteryStatsImpl(   77): 	at com.android.internal.os.BatteryStatsImpl$Uid.computeCurrentTcpBytesReceived(BatteryStatsImpl.java:2457)
F/BatteryStatsImpl(   77): 	at com.android.internal.os.BatteryStatsImpl$Uid.getTcpBytesReceived(BatteryStatsImpl.java:2446)
F/BatteryStatsImpl(   77): 	at com.android.internal.os.BatteryStatsImpl.writeSummaryToParcel(BatteryStatsImpl.java:5437)
F/BatteryStatsImpl(   77): 	at com.android.internal.os.BatteryStatsImpl.writeLocked(BatteryStatsImpl.java:4836)
F/BatteryStatsImpl(   77): 	at com.android.internal.os.BatteryStatsImpl.writeAsyncLocked(BatteryStatsImpl.java:4818)
F/BatteryStatsImpl(   77): 	at com.android.server.am.ActivityManagerService.updateCpuStatsNow(ActivityManagerService.java:1652)
F/BatteryStatsImpl(   77): 	at com.android.server.am.ActivityManagerService$3.run(ActivityManagerService.java:1534)
F/BatteryStatsImpl(   77): Caused by: java.io.FileNotFoundException: /proc/net/xt_qtaguid/stats: open failed: ENOENT (No such file or directory)
F/BatteryStatsImpl(   77): 	at libcore.io.IoBridge.open(IoBridge.java:406)
F/BatteryStatsImpl(   77): 	at java.io.FileInputStream.<init>(FileInputStream.java:78)
F/BatteryStatsImpl(   77): 	at com.android.internal.net.NetworkStatsFactory.readNetworkStatsDetail(NetworkStatsFactory.java:269)
F/BatteryStatsImpl(   77): 	... 10 more
F/BatteryStatsImpl(   77): Caused by: libcore.io.ErrnoException: open failed: ENOENT (No such file or directory)
F/BatteryStatsImpl(   77): 	at libcore.io.Posix.open(Native Method)
F/BatteryStatsImpl(   77): 	at libcore.io.BlockGuardOs.open(BlockGuardOs.java:110)
F/BatteryStatsImpl(   77): 	at libcore.io.IoBridge.open(IoBridge.java:390)
F/BatteryStatsImpl(   77): 	... 12 more
D/dalvikvm(   77): GC_CONCURRENT freed 525K, 16% free 11384K/13447K, paused 5ms+8ms
D/dalvikvm(  156): GC_CONCURRENT freed 384K, 6% free 9532K/10119K, paused 7ms+4ms
W/ThrottleService(   77): unable to find stats for iface rmnet0
D/dalvikvm(  129): GC_CONCURRENT freed 526K, 52% free 9812K/20167K, paused 6ms+7ms
D/dalvikvm(  156): GC_CONCURRENT freed 383K, 6% free 9533K/10119K, paused 11ms+6ms
V/BackupManagerService(   77): Running a backup pass
V/BackupManagerService(   77): Backup requested but nothing pending
W/ThrottleService(   77): unable to find stats for iface rmnet0
F/NetworkStats(   77): problem reading network stats
F/NetworkStats(   77): java.lang.IllegalStateException: problem parsing idx 1
F/NetworkStats(   77): 	at com.android.internal.net.NetworkStatsFactory.readNetworkStatsDetail(NetworkStatsFactory.java:300)
F/NetworkStats(   77): 	at com.android.server.NetworkManagementService.getNetworkStatsUidDetail(NetworkManagementService.java:1282)
F/NetworkStats(   77): 	at com.android.server.net.NetworkStatsService.performPollLocked(NetworkStatsService.java:831)
F/NetworkStats(   77): 	at com.android.server.net.NetworkStatsService.performPoll(NetworkStatsService.java:799)
F/NetworkStats(   77): 	at com.android.server.net.NetworkStatsService.access$100(NetworkStatsService.java:128)
F/NetworkStats(   77): 	at com.android.server.net.NetworkStatsService$3.onReceive(NetworkStatsService.java:633)
F/NetworkStats(   77): 	at android.app.LoadedApk$ReceiverDispatcher$Args.run(LoadedApk.java:728)
F/NetworkStats(   77): 	at android.os.Handler.handleCallback(Handler.java:605)
F/NetworkStats(   77): 	at android.os.Handler.dispatchMessage(Handler.java:92)
F/NetworkStats(   77): 	at android.os.Looper.loop(Looper.java:137)
F/NetworkStats(   77): 	at android.os.HandlerThread.run(HandlerThread.java:60)
F/NetworkStats(   77): Caused by: java.io.FileNotFoundException: /proc/net/xt_qtaguid/stats: open failed: ENOENT (No such file or directory)
F/NetworkStats(   77): 	at libcore.io.IoBridge.open(IoBridge.java:406)
F/NetworkStats(   77): 	at java.io.FileInputStream.<init>(FileInputStream.java:78)
F/NetworkStats(   77): 	at com.android.internal.net.NetworkStatsFactory.readNetworkStatsDetail(NetworkStatsFactory.java:269)
F/NetworkStats(   77): 	... 10 more
F/NetworkStats(   77): Caused by: libcore.io.ErrnoException: open failed: ENOENT (No such file or directory)
F/NetworkStats(   77): 	at libcore.io.Posix.open(Native Method)
F/NetworkStats(   77): 	at libcore.io.BlockGuardOs.open(BlockGuardOs.java:110)
F/NetworkStats(   77): 	at libcore.io.IoBridge.open(IoBridge.java:390)
F/NetworkStats(   77): 	... 12 more
D/dalvikvm(   77): GC_CONCURRENT freed 476K, 16% free 11421K/13447K, paused 5ms+9ms
D/dalvikvm(  156): GC_CONCURRENT freed 384K, 6% free 9532K/10119K, paused 12ms+7ms
D/AndroidRuntime( 1707): 
D/AndroidRuntime( 1707): >>>>>> AndroidRuntime START com.android.internal.os.RuntimeInit <<<<<<
D/AndroidRuntime( 1707): CheckJNI is ON
D/AndroidRuntime( 1707): Calling main entry com.android.commands.pm.Pm
W/ActivityManager(   77): No content provider found for permission revoke: file:///data/local/tmp/catastro1-debug.apk
D/dalvikvm(  453): GC_CONCURRENT freed 379K, 6% free 9092K/9671K, paused 4ms+4ms
W/ActivityManager(   77): No content provider found for permission revoke: file:///data/local/tmp/catastro1-debug.apk
D/dalvikvm(   77): GC_CONCURRENT freed 335K, 15% free 11562K/13447K, paused 7ms+17ms
D/dalvikvm(   77): GC_CONCURRENT freed 199K, 12% free 11880K/13447K, paused 10ms+10ms
D/dalvikvm(   77): GC_CONCURRENT freed 673K, 12% free 11864K/13447K, paused 15ms+13ms
D/dalvikvm(   77): GC_CONCURRENT freed 619K, 12% free 11857K/13447K, paused 10ms+7ms
D/dalvikvm(   77): GC_CONCURRENT freed 629K, 12% free 11889K/13447K, paused 11ms+14ms
D/dalvikvm(   77): GC_CONCURRENT freed 639K, 12% free 11866K/13447K, paused 13ms+13ms
D/dalvikvm(   77): GC_CONCURRENT freed 646K, 12% free 11867K/13447K, paused 6ms+8ms
I/PackageManager(   77): Removing non-system package:com.rhomobile.catastro1
I/ActivityManager(   77): Force stopping package com.rhomobile.catastro1 uid=10040
I/ActivityManager(   77): Killing proc 1663:com.rhomobile.catastro1/10040: force stop
W/ActivityManager(   77): Force removing ActivityRecord{4131e418 com.rhomobile.catastro1/com.rhomobile.rhodes.RhodesActivity}: app died, no saved state
W/NetworkManagementSocketTagger(   77): setKernelCountSet(10040, 0) failed with errno -2
W/NetworkManagementSocketTagger(   77): setKernelCountSet(1000, 1) failed with errno -2
I/WindowManager(   77): WIN DEATH: Window{41459338 com.rhomobile.catastro1/com.rhomobile.rhodes.RhodesActivity paused=false}
I/PackageManager(   77): Package com.rhomobile.catastro1 codePath changed from /data/app/com.rhomobile.catastro1-2.apk to /data/app/com.rhomobile.catastro1-1.apk; Retaining data and using new
I/Process (   77): Sending signal. PID: 195 SIG: 3
I/dalvikvm(  195): threadid=3: reacting to signal 3
I/dalvikvm(  195): Wrote stack traces to '/data/anr/traces.txt'
I/ManageApplications(  195): onCreateOptionsMenu in ManageApplications{412e62c0 #0 id=0x10202d4}: com.android.internal.view.menu.MenuBuilder@413400b0
W/InputManagerService(   77): Got RemoteException sending setActive(false) notification to pid 1663 uid 10040
I/PackageManager(   77): Running dexopt on: com.rhomobile.catastro1
D/dalvikvm( 1718): DexOpt: load 115ms, verify+opt 575ms
W/PackageManager(   77): Code path for pkg : com.rhomobile.catastro1 changing from /data/app/com.rhomobile.catastro1-2.apk to /data/app/com.rhomobile.catastro1-1.apk
W/PackageManager(   77): Resource path for pkg : com.rhomobile.catastro1 changing from /data/app/com.rhomobile.catastro1-2.apk to /data/app/com.rhomobile.catastro1-1.apk
I/ActivityManager(   77): Force stopping package com.rhomobile.catastro1 uid=10040
D/PackageManager(   77): New package installed in /data/app/com.rhomobile.catastro1-1.apk
D/dalvikvm(   77): GC_CONCURRENT freed 598K, 12% free 11886K/13447K, paused 19ms+16ms
I/ActivityManager(   77): Force stopping package com.rhomobile.catastro1 uid=10040
D/dalvikvm(  195): GC_EXPLICIT freed 166K, 16% free 12985K/15431K, paused 3ms+7ms
D/dalvikvm(  222): GC_EXPLICIT freed 161K, 5% free 9402K/9799K, paused 4ms+16ms
D/dalvikvm(   77): GC_EXPLICIT freed 657K, 16% free 11359K/13447K, paused 5ms+20ms
D/PackageManager(   77): generateServicesMap(android.accounts.AccountAuthenticator): 2 services unchanged
D/PackageManager(   77): generateServicesMap(android.content.SyncAdapter): 4 services unchanged
D/BackupManagerService(   77): Received broadcast Intent { act=android.intent.action.PACKAGE_REMOVED dat=package:com.rhomobile.catastro1 flg=0x10000010 (has extras) }
I/AccountTypeManager(  311): Loaded meta-data for 1 account types, 0 accounts in 8ms(wall) 6ms(cpu)
D/dalvikvm(  171): GC_EXPLICIT freed 748K, 23% free 15200K/19719K, paused 4ms+23ms
D/PackageManager(   77): generateServicesMap(android.accounts.AccountAuthenticator): 2 services unchanged
D/PackageManager(   77): generateServicesMap(android.content.SyncAdapter): 4 services unchanged
D/BackupManagerService(   77): Received broadcast Intent { act=android.intent.action.PACKAGE_ADDED dat=package:com.rhomobile.catastro1 flg=0x10000010 (has extras) }
V/BackupManagerService(   77): updatePackageParticipantsLocked: #1
W/RecognitionManagerService(   77): no available voice recognition services found
I/AccountTypeManager(  311): Loaded meta-data for 1 account types, 0 accounts in 225ms(wall) 6ms(cpu)
D/BackupManagerService(   77): Received broadcast Intent { act=android.intent.action.PACKAGE_REPLACED dat=package:com.rhomobile.catastro1 flg=0x10000010 (has extras) }
V/BackupManagerService(   77): updatePackageParticipantsLocked: #1
D/dalvikvm(   77): GC_CONCURRENT freed 455K, 15% free 11490K/13447K, paused 15ms+11ms
I/Launcher(  171): setLoadOnResume
D/dalvikvm(   77): GC_EXPLICIT freed 194K, 16% free 11356K/13447K, paused 15ms+19ms
D/AndroidRuntime( 1707): Shutting down VM
D/dalvikvm( 1707): GC_CONCURRENT freed 97K, 79% free 450K/2048K, paused 1ms+1ms
I/AndroidRuntime( 1707): NOTE: attach of thread 'Binder Thread #3' failed
W/PackageManager(   77): Empty queue
D/AndroidRuntime( 1726): 
D/AndroidRuntime( 1726): >>>>>> AndroidRuntime START com.android.internal.os.RuntimeInit <<<<<<
D/AndroidRuntime( 1726): CheckJNI is ON
D/AndroidRuntime( 1726): Calling main entry com.android.commands.am.Am
I/ActivityManager(   77): START {act=android.intent.action.MAIN flg=0x10000000 cmp=com.rhomobile.catastro1/com.rhomobile.rhodes.RhodesActivity} from pid 1726
W/WindowManager(   77): Failure taking screenshot for (180x300) to layer 21010
D/AndroidRuntime( 1726): Shutting down VM
D/dalvikvm( 1726): GC_CONCURRENT freed 97K, 77% free 480K/2048K, paused 1ms+1ms
D/dalvikvm( 1737): Not late-enabling CheckJNI (already on)
I/AndroidRuntime( 1726): NOTE: attach of thread 'Binder Thread #3' failed
I/ActivityManager(   77): Start proc com.rhomobile.catastro1 for activity com.rhomobile.catastro1/com.rhomobile.rhodes.RhodesActivity: pid=1737 uid=10040 gids={3003}
I/dalvikvm( 1737): Turning on JNI app bug workarounds for target SDK version 4...
W/NetworkManagementSocketTagger(   77): setKernelCountSet(10040, 1) failed with errno -2
I/Process (   77): Sending signal. PID: 1737 SIG: 3
I/dalvikvm( 1737): threadid=3: reacting to signal 3
I/dalvikvm( 1737): Wrote stack traces to '/data/anr/traces.txt'
D/dalvikvm( 1737): Trying to load lib /data/data/com.rhomobile.catastro1/lib/librhodes.so 0x412a2750
D/dalvikvm( 1737): Added shared lib /data/data/com.rhomobile.catastro1/lib/librhodes.so 0x412a2750
I/ActivityThread( 1737): Pub com.rhomobile.catastro1: com.rhomobile.rhodes.LocalFileProvider
I/RhodesApplication( 1737): Initializing...
D/RhoFileApi( 1737): App root path: /data/data/com.rhomobile.catastro1/rhodata/
D/RhoFileApi( 1737): Sqlite journals path: /data/data/com.rhomobile.catastro1/sqlite_stmt_journals/
D/RhoFileApi( 1737): Shared path: /data/data/com.rhomobile.catastro1/rhodata/
D/RhodesApplication( 1737): Root path: /data/data/com.rhomobile.catastro1/rhodata/
I/RhodesApplication( 1737): Application hash was changed
D/RhoFileApi( 1737): Copy hash to FS
I/Process (   77): Sending signal. PID: 1737 SIG: 3
I/dalvikvm( 1737): threadid=3: reacting to signal 3
I/dalvikvm( 1737): Wrote stack traces to '/data/anr/traces.txt'
D/RhoFileApi( 1737): File hash copied
D/RhoFileApi( 1737): Copy rho.dat to FS
D/RhoFileApi( 1737): File rho.dat copied
D/RhoFileApi( 1737): Copy apps/rhoconfig.txt to FS
D/RhoFileApi( 1737): File apps/rhoconfig.txt copied
I/RhoFileApi( 1737): Opening stat table from FS: /data/data/com.rhomobile.catastro1/rhodata/rho.dat
D/RhoFileApi( 1737): Copy apps/rhoconfig.txt to FS
D/RhoFileApi( 1737): File apps/rhoconfig.txt copied
D/RhoFileApi( 1737): App root path: /data/data/com.rhomobile.catastro1/rhodata/
D/RhoFileApi( 1737): Sqlite journals path: /data/data/com.rhomobile.catastro1/sqlite_stmt_journals/
D/RhoFileApi( 1737): Shared path: /data/data/com.rhomobile.catastro1/rhodata/
I/APP     ( 1737): I 06/15/2012 13:58:56:026 000006c9    RhodesApplication| Initialized
I/APP     ( 1737): I 06/15/2012 13:58:56:079 000006c9         BaseActivity| Resources orientation: 1
I/APP     ( 1737): I 06/15/2012 13:58:56:082 000006c9         BaseActivity| New screen properties - width: 480, height: 800, orientation: 1
I/APP     ( 1737): I 06/15/2012 13:58:56:125 000006c9               Camera| Camera capability is not enabled !
I/APP     ( 1737): I 06/15/2012 13:58:56:126 000006c9               Camera| Camera capability is not enabled !
I/Process (   77): Sending signal. PID: 1737 SIG: 3
I/dalvikvm( 1737): threadid=3: reacting to signal 3
I/dalvikvm( 1737): Wrote stack traces to '/data/anr/traces.txt'
D/dalvikvm( 1737): GC_CONCURRENT freed 308K, 5% free 9189K/9607K, paused 5ms+4ms
I/APP     ( 1737): I 06/15/2012 13:58:56:525 000006c9    RhodesApplication| New UiState: MainActivityCreated
I/APP     ( 1737): I 06/15/2012 13:58:56:542 000006c9       RhodesActivity| onStart
I/APP     ( 1737): I 06/15/2012 13:58:56:550 000006c9    RhodesApplication| New UiState: MainActivityStarted
I/APP     ( 1737): I 06/15/2012 13:58:56:594 000006c9       RhodesActivity| onResume
I/APP     ( 1737): I 06/15/2012 13:58:56:646 000006c9        RhodesService| onCreate
I/APP     ( 1737): I 06/15/2012 13:58:56:669 000006c9    LocalFileProvider| Revoke URI permissions: content:///com.rhomobile.catastro1
W/ActivityManager(   77): No content provider found for permission revoke: content:///com.rhomobile.catastro1
I/APP     ( 1737): I 06/15/2012 13:58:56:688 000006c9               Rhodes| Loading...
I/APP     ( 1737): I 06/15/2012 13:58:56:691 000006c9            RhodesApp| Trying to get free listening port.
I/Process (   77): Sending signal. PID: 1737 SIG: 3
I/dalvikvm( 1737): threadid=3: reacting to signal 3
I/APP     ( 1737): I 06/15/2012 13:58:56:749 000006c9            RhodesApp| Trying to bind of 0 port...
I/APP     ( 1737): I 06/15/2012 13:58:56:759 000006c9            RhodesApp| Got port to bind on: 53632
I/APP     ( 1737): I 06/15/2012 13:58:56:771 000006c9            RhodesApp| Free listening port: 53632
I/APP     ( 1737): I 06/15/2012 13:58:56:789 000006dd         AppCallbacks| Starting main routine...
I/APP     ( 1737): I 06/15/2012 13:58:56:792 000006dd         AppCallbacks| ThreadQueue blocked for 4294967295 seconds...
I/dalvikvm( 1737): Wrote stack traces to '/data/anr/traces.txt'
I/APP     ( 1737): I 06/15/2012 13:58:56:867 000006c9        RhodesService| Push is disabled
I/APP     ( 1737): I 06/15/2012 13:58:56:888 000006c9            RhodesApp| callAppActiveCallback
I/APP     ( 1737): I 06/15/2012 13:58:56:890 000006c9         AppCallbacks| addCommand: APP-ACTIVATED
I/APP     ( 1737): I 06/15/2012 13:58:56:925 000006dd         AppCallbacks| Received command APP-ACTIVATED which is greater than expected (LOCAL-SERVER-STARTED) - postpone it
I/APP     ( 1737): I 06/15/2012 13:58:56:927 000006dd         AppCallbacks| ThreadQueue blocked for 4294967295 seconds...
I/APP     ( 1737): I 06/15/2012 13:58:56:940 000006c9         AppActivated| Cannot commit now, application will be activated when started.
I/APP     ( 1737): I 06/15/2012 13:58:56:944 000006c9    RhodesApplication| New AppState: Undefined
D/RhodesService( 1737): +++ onStartCommand
I/RhodesService( 1737): handleCommand: startId=1, source=com.rhomobile.rhodes.BaseActivity
I/APP     ( 1737): I 06/15/2012 13:58:56:959 000006de            RhodesApp| Starting RhodesApp main routine...
D/RhodesService( 1737): New activity was created
I/APP     ( 1737): I 06/15/2012 13:58:57:020 000006c9        RhodesService| onBind
I/APP     ( 1737): I 06/15/2012 13:58:57:031 000006c9         AppCallbacks| addCommand: UI-CREATED
I/APP     ( 1737): I 06/15/2012 13:58:57:033 000006dd         AppCallbacks| Received command UI-CREATED which is greater than expected (LOCAL-SERVER-STARTED) - postpone it
I/APP     ( 1737): I 06/15/2012 13:58:57:034 000006dd         AppCallbacks| ThreadQueue blocked for 4294967295 seconds...
V/PhoneStatusBar(  129): setLightsOn(true)
I/APP     ( 1737): I 06/15/2012 13:58:57:148 000006c9       RhodesActivity| onServiceConnected: {com.rhomobile.catastro1/com.rhomobile.rhodes.RhodesService}
I/APP     ( 1737): I 06/15/2012 13:58:57:181 000006c9       RhodesActivity| New start parameters: 
I/APP     ( 1737): I 06/15/2012 13:58:57:183 000006c9            RhodesApp| New start params: 
I/Process (   77): Sending signal. PID: 1737 SIG: 3
I/dalvikvm( 1737): threadid=3: reacting to signal 3
I/dalvikvm( 1737): Wrote stack traces to '/data/anr/traces.txt'
W/webcore ( 1737): java.lang.Throwable: EventHub.removeMessages(int what = 107) is not supported before the WebViewCore is set up.
W/webcore ( 1737): 	at android.webkit.WebViewCore$EventHub.removeMessages(WebViewCore.java:1683)
W/webcore ( 1737): 	at android.webkit.WebViewCore$EventHub.access$7900(WebViewCore.java:926)
W/webcore ( 1737): 	at android.webkit.WebViewCore.removeMessages(WebViewCore.java:1795)
W/webcore ( 1737): 	at android.webkit.WebView.sendOurVisibleRect(WebView.java:2917)
W/webcore ( 1737): 	at android.webkit.ZoomManager.setZoomScale(ZoomManager.java:593)
W/webcore ( 1737): 	at android.webkit.ZoomManager.access$1700(ZoomManager.java:49)
W/webcore ( 1737): 	at android.webkit.ZoomManager$PostScale.run(ZoomManager.java:984)
W/webcore ( 1737): 	at android.os.Handler.handleCallback(Handler.java:605)
W/webcore ( 1737): 	at android.os.Handler.dispatchMessage(Handler.java:92)
W/webcore ( 1737): 	at android.os.Looper.loop(Looper.java:137)
W/webcore ( 1737): 	at android.app.ActivityThread.main(ActivityThread.java:4424)
W/webcore ( 1737): 	at java.lang.reflect.Method.invokeNative(Native Method)
W/webcore ( 1737): 	at java.lang.reflect.Method.invoke(Method.java:511)
W/webcore ( 1737): 	at com.android.internal.os.ZygoteInit$MethodAndArgsCaller.run(ZygoteInit.java:784)
W/webcore ( 1737): 	at com.android.internal.os.ZygoteInit.main(ZygoteInit.java:551)
W/webcore ( 1737): 	at dalvik.system.NativeStart.main(Native Method)
W/InputManagerService(   77): Starting input on non-focused client com.android.internal.view.IInputMethodClient$Stub$Proxy@4168cf38 (uid=1000 pid=195)
D/gralloc_goldfish( 1737): Emulator without GPU emulation detected.
I/ActivityManager(   77): Displayed com.rhomobile.catastro1/com.rhomobile.rhodes.RhodesActivity: +3s205ms
I/APP     ( 1737): I 06/15/2012 13:58:58:354 000006de              RhoRuby| Init_RhoBlobs: /data/data/com.rhomobile.catastro1/rhodata/db/db-files
I/APP     ( 1737): I 06/15/2012 13:58:58:410 000006de              RhoRuby| require_compiled: rhoframework
I/APP     ( 1737): I 06/15/2012 13:58:58:503 000006de              RhoRuby| require_compiled: rational
I/APP     ( 1737): I 06/15/2012 13:58:58:525 000006de              RhoRuby| require_compiled: rhom/rhom_db_adapter
I/APP     ( 1737): I 06/15/2012 13:58:58:621 000006de              RhoRuby| require_compiled: rhodes
I/APP     ( 1737): I 06/15/2012 13:58:58:647 000006de              RhoRuby| require_compiled: rhom/rhom_object
W/NetworkManagementSocketTagger(   77): setKernelCountSet(1000, 0) failed with errno -2
I/APP     ( 1737): I 06/15/2012 13:58:58:721 000006de              RhoRuby| require_compiled: rhofsconnector
I/APP     ( 1737): I 06/15/2012 13:58:58:749 000006de              RhoRuby| require_compiled: rho/rhofsconnector
I/APP     ( 1737): I 06/15/2012 13:58:58:804 000006de              RhoRuby| require_compiled: rhom/rhom_object_factory
I/APP     ( 1737): I 06/15/2012 13:58:59:112 000006de              RhoRuby| require_compiled: rhom/rhom
I/APP     ( 1737): I 06/15/2012 13:58:59:155 000006de              RhoRuby| require_compiled: rhom/rhom_model
I/APP     ( 1737): I 06/15/2012 13:58:59:194 000006de              RhoRuby| require_compiled: rhom
I/APP     ( 1737): I 06/15/2012 13:58:59:200 000006de              RhoRuby| require_compiled: rho/rhoapplication
I/APP     ( 1737): I 06/15/2012 13:58:59:257 000006de              RhoRuby| require_compiled: rholang/localization_simplified
I/APP     ( 1737): I 06/15/2012 13:58:59:305 000006de              RhoRuby| require_compiled: rho/rhomsg
I/APP     ( 1737): I 06/15/2012 13:58:59:328 000006de              RhoRuby| require_compiled: rho/rhotabbar
I/APP     ( 1737): I 06/15/2012 13:58:59:354 000006de              RhoRuby| require_compiled: rho/rhotoolbar
I/APP     ( 1737): I 06/15/2012 13:58:59:396 000006de                  APP| Current locale: ; Country code: 
I/APP     ( 1737): I 06/15/2012 13:58:59:400 000006de                  APP| Locilized file: /data/data/com.rhomobile.catastro1/rhodata/lib/rholang/lang_
I/APP     ( 1737): I 06/15/2012 13:58:59:439 000006de              RhoRuby| require_compiled: /data/data/com.rhomobile.catastro1/rhodata/lib/rholang/lang_en
I/APP     ( 1737): I 06/15/2012 13:58:59:468 000006de                  APP| Locilized file: /data/data/com.rhomobile.catastro1/rhodata/apps/app/lang/lang_
I/APP     ( 1737): I 06/15/2012 13:58:59:471 000006de                  APP| Locilized file: /data/data/com.rhomobile.catastro1/rhodata/lib/rholang/rhoerror_
I/APP     ( 1737): I 06/15/2012 13:58:59:498 000006de              RhoRuby| require_compiled: /data/data/com.rhomobile.catastro1/rhodata/lib/rholang/rhoerror_en
I/APP     ( 1737): I 06/15/2012 13:58:59:525 000006de                  APP| Locilized file: /data/data/com.rhomobile.catastro1/rhodata/lib/rholang/rhomsg_
I/APP     ( 1737): I 06/15/2012 13:58:59:528 000006de              RhoRuby| require_compiled: /data/data/com.rhomobile.catastro1/rhodata/lib/rholang/rhomsg_en
I/APP     ( 1737): I 06/15/2012 13:58:59:567 000006de              RhoRuby| require_compiled: indifferent_access
I/APP     ( 1737): I 06/15/2012 13:58:59:607 000006de              RhoRuby| require_compiled: rho/rhosupport
I/APP     ( 1737): I 06/15/2012 13:58:59:658 000006de              RhoRuby| require_compiled: rho/rhocontroller
I/APP     ( 1737): I 06/15/2012 13:58:59:720 000006de              RhoRuby| require_compiled: rho/render
D/dalvikvm( 1737): GC_CONCURRENT freed 316K, 5% free 9313K/9735K, paused 4ms+16ms
D/webviewglue( 1737): nativeDestroy view: 0x2d41c0
I/APP     ( 1737): I 06/15/2012 13:58:59:850 000006de              RhoRuby| require_compiled: rho/rho
I/APP     ( 1737): I 06/15/2012 13:59:00:036 000006de              RhoRuby| require_compiled: rho/rhoerror
I/APP     ( 1737): I 06/15/2012 13:59:00:081 000006de              RhoRuby| require_compiled: rhom/rhom_source
I/APP     ( 1737): I 06/15/2012 13:59:00:166 000006de              RhoRuby| require_compiled: rho/rhoviewhelpers
I/APP     ( 1737): I 06/15/2012 13:59:00:227 000006de              RhoRuby| require_compiled: rho
I/APP     ( 1737): I 06/15/2012 13:59:00:257 000006de                  APP| RHO loaded
I/APP     ( 1737): I 06/15/2012 13:59:00:263 000006de                  APP| Calling RHO.initialize
I/APP     ( 1737): I 06/15/2012 13:59:00:295 000006de                  APP| model file: Cliente/cliente
I/APP     ( 1737): I 06/15/2012 13:59:00:307 000006de                  APP| model file: Conexagua/conexagua
I/APP     ( 1737): I 06/15/2012 13:59:00:335 000006de                  APP| model file: Conexion/conexion
I/APP     ( 1737): I 06/15/2012 13:59:00:337 000006de                  APP| model file: Cuenta/cuenta
I/APP     ( 1737): I 06/15/2012 13:59:00:365 000006de                  APP| model file: Localizacion/localizacion
I/APP     ( 1737): I 06/15/2012 13:59:00:368 000006de                  APP| model file: Medidor/medidor
I/APP     ( 1737): I 06/15/2012 13:59:00:373 000006de                  APP| model file: Predio/predio
I/APP     ( 1737): I 06/15/2012 13:59:00:392 000006de                  APP| model file: Rol/rol
I/APP     ( 1737): I 06/15/2012 13:59:00:395 000006de                  APP| model file: Unidaduso/unidaduso
I/APP     ( 1737): I 06/15/2012 13:59:00:416 000006de                  APP| model file: Usuario/usuario
I/APP     ( 1737): I 06/15/2012 13:59:00:418 000006de                  APP| model file: Utm/utm
I/APP     ( 1737): I 06/15/2012 13:59:00:440 000006de                   DB| Open DB: /data/data/com.rhomobile.catastro1/rhodata/db/syncdbuser.sqlite
I/APP     ( 1737): I 06/15/2012 13:59:00:470 000006de          GeoLocation| Creating singleton instance.
I/APP     ( 1737): I 06/15/2012 13:59:00:491 000006de            RhodesApp| Starting sync engine...
I/APP     ( 1737): I 06/15/2012 13:59:00:508 000006de                 Sync| sync_poll_interval: 0
I/APP     ( 1737): I 06/15/2012 13:59:00:510 000006de                 Sync| syncserver: 
I/APP     ( 1737): I 06/15/2012 13:59:00:515 000006de                 Sync| bulksync_state: 0
I/APP     ( 1737): I 06/15/2012 13:59:00:529 000006de            RhodesApp| RhoRubyInitApp...
I/APP     ( 1737): I 06/15/2012 13:59:00:537 000006de                  APP| init_app
I/APP     ( 1737): I 06/15/2012 13:59:00:549 000006de              RhoRuby| require_compiled: application
I/APP     ( 1737): I 06/15/2012 13:59:00:650 000006de              RhoRuby| require_compiled: validatable
I/APP     ( 1737): I 06/15/2012 13:59:00:677 000006de              RhoRuby| require_compiled: validatable/core_ext/blank
I/APP     ( 1737): I 06/15/2012 13:59:00:708 000006de              RhoRuby| require_compiled: validatable/object_extension
I/APP     ( 1737): I 06/15/2012 13:59:00:762 000006de              RhoRuby| require_compiled: validatable/errors
I/APP     ( 1737): I 06/15/2012 13:59:00:814 000006de              RhoRuby| require_compiled: validatable/validatable_class_methods
I/APP     ( 1737): I 06/15/2012 13:59:00:846 000006de              RhoRuby| require_compiled: validatable/macros
I/APP     ( 1737): I 06/15/2012 13:59:00:877 000006de              RhoRuby| require_compiled: validatable/validatable_instance_methods
I/APP     ( 1737): I 06/15/2012 13:59:00:914 000006de              RhoRuby| require_compiled: validatable/included_validation
I/APP     ( 1737): I 06/15/2012 13:59:00:937 000006de              RhoRuby| require_compiled: validatable/child_validation
I/APP     ( 1737): I 06/15/2012 13:59:00:959 000006de              RhoRuby| require_compiled: validatable/understandable
I/APP     ( 1737): I 06/15/2012 13:59:00:986 000006de              RhoRuby| require_compiled: validatable/requireable
I/APP     ( 1737): I 06/15/2012 13:59:01:014 000006de              RhoRuby| require_compiled: validatable/validations/validation_base
I/APP     ( 1737): I 06/15/2012 13:59:01:052 000006de              RhoRuby| require_compiled: validatable/validations/validates_format_of
I/APP     ( 1737): I 06/15/2012 13:59:01:074 000006de              RhoRuby| require_compiled: validatable/validations/validates_presence_of
I/APP     ( 1737): I 06/15/2012 13:59:01:096 000006de              RhoRuby| require_compiled: validatable/validations/validates_acceptance_of
I/APP     ( 1737): I 06/15/2012 13:59:01:119 000006de              RhoRuby| require_compiled: validatable/validations/validates_confirmation_of
I/APP     ( 1737): I 06/15/2012 13:59:01:143 000006de              RhoRuby| require_compiled: validatable/validations/validates_length_of
I/APP     ( 1737): I 06/15/2012 13:59:01:172 000006de              RhoRuby| require_compiled: validatable/validations/validates_true_for
I/APP     ( 1737): I 06/15/2012 13:59:01:194 000006de              RhoRuby| require_compiled: validatable/validations/validates_numericality_of
I/APP     ( 1737): I 06/15/2012 13:59:01:220 000006de              RhoRuby| require_compiled: validatable/validations/validates_exclusion_of
I/APP     ( 1737): I 06/15/2012 13:59:01:247 000006de              RhoRuby| require_compiled: validatable/validations/validates_inclusion_of
I/APP     ( 1737): I 06/15/2012 13:59:01:269 000006de              RhoRuby| require_compiled: validatable/validations/validates_each
I/APP     ( 1737): I 06/15/2012 13:59:01:291 000006de              RhoRuby| require_compiled: validatable/validations/validates_associated
I/APP     ( 1737): I 06/15/2012 13:59:01:318 000006de                 Sync| Set notification. Source ID: -1;Url :http://localhost:53632/app/Settings/sync_notify; Params: 
I/APP     ( 1737): I 06/15/2012 13:59:01:323 000006de           HttpServer| Start HTTP server
I/APP     ( 1737): I 06/15/2012 13:59:01:352 000006de           HttpServer| Listen for connections on port 53632
I/APP     ( 1737): I 06/15/2012 13:59:01:355 000006de         AppCallbacks| addCommand: LOCAL-SERVER-STARTED
I/APP     ( 1737): I 06/15/2012 13:59:01:371 000006dd         AppCallbacks| process command: LOCAL-SERVER-STARTED
I/APP     ( 1737): I 06/15/2012 13:59:01:372 000006dd RhodesAppActiveObserver| Ready
I/APP     ( 1737): I 06/15/2012 13:59:01:392 000006dd    RhodesApplication| New AppState: AppActivated
I/APP     ( 1737): I 06/15/2012 13:59:01:394 000006dd         AppCallbacks| process command: UI-CREATED
I/APP     ( 1737): I 06/15/2012 13:59:01:406 000006c9 AndroidFunctionality| Disable WebView zoom
I/APP     ( 1737): I 06/15/2012 13:59:01:412 000006c9 AndroidFunctionality| Set web plugins state 'OFF'
I/APP     ( 1737): I 06/15/2012 13:59:01:448 000006de           HttpServer| Process URI: '/system/uicreated'
I/APP     ( 1737): I 06/15/2012 13:59:01:453 000006de                  APP| on_ui_created.navigate to start url: '/app'
I/APP     ( 1737): I 06/15/2012 13:59:01:478 000006c9         SplashScreen| navigate: url=http://localhost:53632/app
I/APP     ( 1737): I 06/15/2012 13:59:01:479 000006c9         SplashScreen| DELAY for SplashScreen = 0
I/APP     ( 1737): I 06/15/2012 13:59:01:512 000006c9        GoogleWebView| Creating new RhoWebChromeClient
I/APP     ( 1737): I 06/15/2012 13:59:01:524 000006c9       SimpleMainView| Cleared URL: http://localhost:53632/app
I/APP     ( 1737): I 06/15/2012 13:59:01:544 000006dd         AppCallbacks| process command: APP-ACTIVATED
V/SimpleMainView.View( 1737): ms[1339786741558]  Main Window :: onSizeChanged() old [ 480 x 762 ]  new [ 0 x 0 ]
I/APP     ( 1737): I 06/15/2012 13:59:01:614 000006de           HttpServer| Process URI: '/system/activateapp'
I/APP     ( 1737): I 06/15/2012 13:59:01:629 000006dd         AppCallbacks| ThreadQueue blocked for 4294967295 seconds...
I/APP     ( 1737): I 06/15/2012 13:59:01:767 000006c9        GoogleWebView| Setting RhoWebChromeClient
I/APP     ( 1737): I 06/15/2012 13:59:01:805 000006de           HttpServer| Process URI: '/app'
I/APP     ( 1737): I 06/15/2012 13:59:01:856 000006c9     RhoWebViewClient| Loading URL: http://localhost:53632/app/index_erb.iseq
I/APP     ( 1737): I 06/15/2012 13:59:01:892 000006de           HttpServer| Process URI: '/app/index_erb.iseq'
I/APP     ( 1737): I 06/15/2012 13:59:01:900 000006de                  APP| RHO serve_index: /app/index_erb.iseq
I/APP     ( 1737): I 06/15/2012 13:59:01:921 000006de RHO Rho::RhoController| inst_render_index
I/APP     ( 1737): I 06/15/2012 13:59:01:989 000006de RHO Rho::RhoController| index layout
I/APP     ( 1737): I 06/15/2012 13:59:02:095 000006de           HttpServer| GC Start.
I/APP     ( 1737): I 06/15/2012 13:59:02:237 000006de           HttpServer| GC End.
I/APP     ( 1737): I 06/15/2012 13:59:02:381 000006de           HttpServer| Process URI: '/public/jquery/jquery-1.6.4.min.js'
I/APP     ( 1737): I 06/15/2012 13:59:02:514 000006de           HttpServer| Process URI: '/public/jquery/jquery.json-2.3.min.js'
I/APP     ( 1737): I 06/15/2012 13:59:02:575 000006de           HttpServer| Process URI: '/public/jqmobile/jquery.mobile-1.0.1.min.css'
I/APP     ( 1737): I 06/15/2012 13:59:02:672 000006de           HttpServer| Process URI: '/public/css/jqmobile-patch.css'
I/APP     ( 1737): I 06/15/2012 13:59:02:704 000006de           HttpServer| Process URI: '/public/jqmobile/jquery.mobile-1.0.1.min.js'
D/dalvikvm( 1737): GC_CONCURRENT freed 447K, 6% free 9351K/9927K, paused 5ms+17ms
I/APP     ( 1737): I 06/15/2012 13:59:02:944 000006de           HttpServer| Process URI: '/public/js/jqmobile-patch.js'
I/APP     ( 1737): I 06/15/2012 13:59:03:001 000006de           HttpServer| Process URI: '/public/css/android.css'
I/APP     ( 1737): I 06/15/2012 13:59:07:476 000006de           HttpServer| Process URI: '/public/jqmobile/images/icons-36-white.png'
I/APP     ( 1737): I 06/15/2012 13:59:22:026 000006de           HttpServer| Process URI: '/app/Usuario'
I/APP     ( 1737): I 06/15/2012 13:59:22:034 000006de                  APP| RHO serve: /app/Usuario
I/APP     ( 1737): I 06/15/2012 13:59:22:101 000006de              RhoRuby| require_compiled: Usuario/usuario_controller
I/APP     ( 1737): I 06/15/2012 13:59:22:182 000006de              RhoRuby| require_compiled: helpers/browser_helper
I/APP     ( 1737): I 06/15/2012 13:59:22:226 000006de                  APP| const_missing: Usuario
I/APP     ( 1737): I 06/15/2012 13:59:22:247 000006de                  APP| load_model: Usuario
I/APP     ( 1737): I 06/15/2012 13:59:22:291 000006de              RhoRuby| require_compiled: Usuario/usuario
I/APP     ( 1737): I 06/15/2012 13:59:22:335 000006de                  APP| Klass : Usuario
I/APP     ( 1737): I 06/15/2012 13:59:22:356 000006de                  APP| Attribute: nombre
I/APP     ( 1737): I 06/15/2012 13:59:22:377 000006de                  APP| Options: {}
I/APP     ( 1737): I 06/15/2012 13:59:22:406 000006de                  APP| model name: Usuario
I/APP     ( 1737): I 06/15/2012 13:59:22:408 000006de                  APP| model class found
I/APP     ( 1737): I 06/15/2012 13:59:22:435 000006de                  APP| Usuario : {"sync_type"=>"incremental", "belongs_to"=>[{"rol_id"=>"Rol"}, {"cuenta_id"=>"Cuenta"}], "property"=>{}}
I/APP     ( 1737): I 06/15/2012 13:59:22:481 000006de                  APP| init_db_sources
I/APP     ( 1737): I 06/15/2012 13:59:22:529 000006de                  APP| start_id: 5
I/APP     ( 1737): I 06/15/2012 13:59:22:533 000006de                  APP| Migrate schema sources: {}
I/APP     ( 1737): I 06/15/2012 13:59:22:658 000006de           HttpServer| GC Start.
I/APP     ( 1737): I 06/15/2012 13:59:22:711 000006de           HttpServer| GC End.
E/libEGL  ( 1737): call to OpenGL ES API with no current context (logged once per thread)
D/ShaderProgram( 1737): couldn't load the vertex shader!
E/libEGL  ( 1737): call to OpenGL ES API with no current context (logged once per thread)
D/ShaderProgram( 1737): couldn't load the vertex shader!
E/libEGL  ( 1737): call to OpenGL ES API with no current context (logged once per thread)
D/ShaderProgram( 1737): couldn't load the vertex shader!
E/libEGL  ( 1737): call to OpenGL ES API with no current context (logged once per thread)
D/ShaderProgram( 1737): couldn't load the vertex shader!
E/libEGL  ( 1737): call to OpenGL ES API with no current context (logged once per thread)
D/ShaderProgram( 1737): couldn't load the vertex shader!
I/APP     ( 1737): I 06/15/2012 13:59:25:385 000006de           HttpServer| Process URI: '/app/Usuario/new'
I/APP     ( 1737): I 06/15/2012 13:59:25:387 000006de                  APP| RHO serve: /app/Usuario/new
I/APP     ( 1737): I 06/15/2012 13:59:25:425 000006de                  APP| const_missing: Rol
I/APP     ( 1737): I 06/15/2012 13:59:25:428 000006de                  APP| load_model: Rol
I/APP     ( 1737): I 06/15/2012 13:59:25:483 000006de              RhoRuby| require_compiled: Rol/rol
I/APP     ( 1737): I 06/15/2012 13:59:25:514 000006de                  APP| model name: Rol
I/APP     ( 1737): I 06/15/2012 13:59:25:536 000006de                  APP| model class found
I/APP     ( 1737): I 06/15/2012 13:59:25:539 000006de                  APP| Rol : {"property"=>{}}
I/APP     ( 1737): I 06/15/2012 13:59:25:561 000006de                   DB| Open DB: /data/data/com.rhomobile.catastro1/rhodata/db/syncdblocal.sqlite
I/APP     ( 1737): I 06/15/2012 13:59:25:625 000006de                  APP| init_db_sources
I/APP     ( 1737): I 06/15/2012 13:59:25:691 000006de                  APP| start_id: 40005
I/APP     ( 1737): I 06/15/2012 13:59:25:695 000006de                  APP| Migrate schema sources: {}
I/APP     ( 1737): I 06/15/2012 13:59:25:928 000006de           HttpServer| GC Start.
I/APP     ( 1737): I 06/15/2012 13:59:25:997 000006de           HttpServer| GC End.
I/APP     ( 1737): I 06/15/2012 13:59:26:701 000006de           HttpServer| Process URI: '/public/images/android/ic_menu_more.png'
D/dalvikvm(   77): GC_CONCURRENT freed 437K, 16% free 11380K/13447K, paused 8ms+13ms
