I/APP     ( 1737): I 06/15/2012 13:59:35:469 000006de           HttpServer| Process URI: '/app/Cuenta/new'
I/APP     ( 1737): I 06/15/2012 13:59:35:471 000006de                  APP| RHO serve: /app/Cuenta/new
I/APP     ( 1737): I 06/15/2012 13:59:35:498 000006de              RhoRuby| require_compiled: Cuenta/cuenta_controller
I/APP     ( 1737): I 06/15/2012 13:59:35:545 000006de                  APP| const_missing: Cuenta
I/APP     ( 1737): I 06/15/2012 13:59:35:587 000006de                  APP| load_model: Cuenta
I/APP     ( 1737): I 06/15/2012 13:59:35:628 000006de              RhoRuby| require_compiled: Cuenta/cuenta
I/APP     ( 1737): I 06/15/2012 13:59:35:669 000006de                  APP| Klass : Cuenta
I/APP     ( 1737): I 06/15/2012 13:59:35:671 000006de                  APP| Attribute: password
I/APP     ( 1737): I 06/15/2012 13:59:35:711 000006de                  APP| Options: {}
I/APP     ( 1737): I 06/15/2012 13:59:35:714 000006de                  APP| Klass : Cuenta
I/APP     ( 1737): I 06/15/2012 13:59:35:749 000006de                  APP| Attribute: password
I/APP     ( 1737): I 06/15/2012 13:59:35:751 000006de                  APP| Options: {}
I/APP     ( 1737): I 06/15/2012 13:59:35:764 000006de                  APP| Klass : Cuenta
I/APP     ( 1737): I 06/15/2012 13:59:35:766 000006de                  APP| Attribute: password
I/APP     ( 1737): I 06/15/2012 13:59:35:794 000006de                  APP| Options: {:within=>4..6, :message=>"Password deberia tener de 4 a 6 caracters"}
I/APP     ( 1737): I 06/15/2012 13:59:35:798 000006de                  APP| Klass : Cuenta
I/APP     ( 1737): I 06/15/2012 13:59:35:826 000006de                  APP| Attribute: user
I/APP     ( 1737): I 06/15/2012 13:59:35:828 000006de                  APP| Options: {}
I/APP     ( 1737): I 06/15/2012 13:59:35:844 000006de                  APP| model name: Cuenta
I/APP     ( 1737): I 06/15/2012 13:59:35:859 000006de                  APP| model class found
I/APP     ( 1737): I 06/15/2012 13:59:35:890 000006de                  APP| Cuenta : {"sync_type"=>"incremental", "property"=>{}}
I/APP     ( 1737): I 06/15/2012 13:59:35:895 000006de                  APP| init_db_sources
I/APP     ( 1737): I 06/15/2012 13:59:35:917 000006de                  APP| start_id: 5
I/APP     ( 1737): I 06/15/2012 13:59:35:920 000006de                  APP| Migrate schema sources: {}
I/APP     ( 1737): I 06/15/2012 13:59:36:041 000006de           HttpServer| GC Start.
I/APP     ( 1737): I 06/15/2012 13:59:36:101 000006de           HttpServer| GC End.
D/dalvikvm(   77): GC_EXPLICIT freed 66K, 16% free 11349K/13447K, paused 5ms+9ms
D/dalvikvm(  129): GC_CONCURRENT freed 383K, 51% free 10065K/20167K, paused 15ms+6ms
I/APP     ( 1737): I 06/15/2012 13:59:48:244 000006de           HttpServer| Process URI: '/app/Usuario/new'
I/APP     ( 1737): I 06/15/2012 13:59:48:251 000006de                  APP| RHO serve: /app/Usuario/new
I/APP     ( 1737): I 06/15/2012 13:59:48:325 000006de                  APP| Params: {"id"=>"109000765391725.62", "cuenta"=>{"user"=>"jero", "password"=>""}}
I/APP     ( 1737): I 06/15/2012 13:59:48:625 000006de           HttpServer| GC Start.
I/APP     ( 1737): I 06/15/2012 13:59:48:686 000006de           HttpServer| GC End.
D/dalvikvm(  129): GC_CONCURRENT freed 579K, 51% free 9990K/20167K, paused 4ms+28ms
D/dalvikvm( 1737): GREF has increased to 201
D/dalvikvm( 1737): GC_CONCURRENT freed 391K, 5% free 9443K/9927K, paused 9ms+6ms
D/dalvikvm(  129): GC_CONCURRENT freed 488K, 51% free 9995K/20167K, paused 5ms+76ms
D/dalvikvm( 1737): GC_FOR_ALLOC freed 21K, 6% free 9426K/9927K, paused 42ms
I/dalvikvm-heap( 1737): Grow heap (frag case) to 9.422MB for 157456-byte allocation
D/dalvikvm( 1737): GC_FOR_ALLOC freed <1K, 6% free 9580K/10119K, paused 40ms
W/InputManagerService(   77): Window already focused, ignoring focus gain of: com.android.internal.view.IInputMethodClient$Stub$Proxy@414acc80
I/APP     ( 1737): I 06/15/2012 14:00:10:428 000006de           HttpServer| Process URI: '/app/Usuario'
I/APP     ( 1737): I 06/15/2012 14:00:10:430 000006de                  APP| RHO serve: /app/Usuario
I/APP     ( 1737): I 06/15/2012 14:00:10:472 000006de                  APP| Params: {"id"=>"109000765391726.62", "usuario"=>{"cuenta_id"=>"109000765391727.62", "nombre"=>"Jeronimo", "apellidos"=>"", "dni"=>"", "direccion"=>"", "sexo"=>"Mas", "rol_id"=>"108988738926980.77"}}
I/APP     ( 1737): I 06/15/2012 14:00:10:575 000006de           HttpServer| GC Start.
I/APP     ( 1737): I 06/15/2012 14:00:10:607 000006de           HttpServer| GC End.
I/APP     ( 1737): I 06/15/2012 14:00:10:786 000006de           HttpServer| Process URI: '/app/Usuario'
I/APP     ( 1737): I 06/15/2012 14:00:10:787 000006de                  APP| RHO serve: /app/Usuario
I/APP     ( 1737): I 06/15/2012 14:00:10:877 000006de           HttpServer| GC Start.
I/APP     ( 1737): I 06/15/2012 14:00:10:926 000006de           HttpServer| GC End.
I/APP     ( 1737): I 06/15/2012 14:00:16:067 000006de           HttpServer| Process URI: '/app/Usuario/{109000765391728.62}/show'
I/APP     ( 1737): I 06/15/2012 14:00:16:071 000006de                  APP| RHO serve: /app/Usuario/{109000765391728.62}/show
I/APP     ( 1737): I 06/15/2012 14:00:16:101 000006de                  APP| Params: {"id"=>"{109000765391728.62}"}
I/APP     ( 1737): I 06/15/2012 14:00:16:180 000006de           HttpServer| GC Start.
I/APP     ( 1737): I 06/15/2012 14:00:16:217 000006de           HttpServer| GC End.
I/APP     ( 1737): I 06/15/2012 14:00:21:325 000006de           HttpServer| Process URI: '/app/Usuario/{109000765391728.62}/edit'
I/APP     ( 1737): I 06/15/2012 14:00:21:327 000006de                  APP| RHO serve: /app/Usuario/{109000765391728.62}/edit
I/APP     ( 1737): I 06/15/2012 14:00:21:355 000006de                  APP| Params: {"id"=>"{109000765391728.62}"}
I/APP     ( 1737): I 06/15/2012 14:00:21:493 000006de           HttpServer| GC Start.
I/APP     ( 1737): I 06/15/2012 14:00:21:576 000006de           HttpServer| GC End.
I/APP     ( 1737): I 06/15/2012 14:00:32:220 000006de           HttpServer| Process URI: '/app/Cuenta/{109000765391727.62}/edit'
I/APP     ( 1737): I 06/15/2012 14:00:32:222 000006de                  APP| RHO serve: /app/Cuenta/{109000765391727.62}/edit
I/APP     ( 1737): I 06/15/2012 14:00:32:250 000006de                  APP| Params: {"id"=>"{109000765391727.62}"}
I/APP     ( 1737): I 06/15/2012 14:00:32:334 000006de           HttpServer| GC Start.
I/APP     ( 1737): I 06/15/2012 14:00:32:377 000006de           HttpServer| GC End.
I/APP     ( 1737): I 06/15/2012 14:00:48:053 000006de           HttpServer| Process URI: '/app/Cuenta/{109000765391727.62}/show'
I/APP     ( 1737): I 06/15/2012 14:00:48:058 000006de                  APP| RHO serve: /app/Cuenta/{109000765391727.62}/show
I/APP     ( 1737): I 06/15/2012 14:00:48:081 000006de                  APP| Params: {"id"=>"{109000765391727.62}"}
I/APP     ( 1737): I 06/15/2012 14:00:48:176 000006de           HttpServer| GC Start.
I/APP     ( 1737): I 06/15/2012 14:00:48:232 000006de           HttpServer| GC End.
I/APP     ( 1737): I 06/15/2012 14:00:56:088 000006de           HttpServer| Process URI: '/app/Cuenta'
I/APP     ( 1737): I 06/15/2012 14:00:56:090 000006de                  APP| RHO serve: /app/Cuenta
I/APP     ( 1737): I 06/15/2012 14:00:56:169 000006de           HttpServer| GC Start.
I/APP     ( 1737): I 06/15/2012 14:00:56:209 000006de           HttpServer| GC End.
I/APP     ( 1737): I 06/15/2012 14:01:02:670 000006de           HttpServer| Process URI: '/app/Cuenta/{108996620082002.83}/show'
I/APP     ( 1737): I 06/15/2012 14:01:02:672 000006de                  APP| RHO serve: /app/Cuenta/{108996620082002.83}/show
I/APP     ( 1737): I 06/15/2012 14:01:02:697 000006de                  APP| Params: {"id"=>"{108996620082002.83}"}
I/APP     ( 1737): I 06/15/2012 14:01:02:771 000006de           HttpServer| GC Start.
I/APP     ( 1737): I 06/15/2012 14:01:02:807 000006de           HttpServer| GC End.
I/APP     ( 1737): I 06/15/2012 14:01:06:165 000006de           HttpServer| Process URI: '/app/Cuenta/{108996620082002.83}/edit'
I/APP     ( 1737): I 06/15/2012 14:01:06:167 000006de                  APP| RHO serve: /app/Cuenta/{108996620082002.83}/edit
I/APP     ( 1737): I 06/15/2012 14:01:06:189 000006de                  APP| Params: {"id"=>"{108996620082002.83}"}
I/APP     ( 1737): I 06/15/2012 14:01:06:272 000006de           HttpServer| GC Start.
I/APP     ( 1737): I 06/15/2012 14:01:06:309 000006de           HttpServer| GC End.
I/APP     ( 1737): I 06/15/2012 14:01:09:419 000006de           HttpServer| Process URI: '/app/Cuenta/{108996620082002.83}/delete'
I/APP     ( 1737): I 06/15/2012 14:01:09:421 000006de                  APP| RHO serve: /app/Cuenta/{108996620082002.83}/delete
I/APP     ( 1737): I 06/15/2012 14:01:09:423 000006de                  APP| Params: {"id"=>"{108996620082002.83}"}
I/APP     ( 1737): I 06/15/2012 14:01:09:538 000006de           HttpServer| GC Start.
I/APP     ( 1737): I 06/15/2012 14:01:09:576 000006de           HttpServer| GC End.
I/APP     ( 1737): I 06/15/2012 14:01:09:653 000006de           HttpServer| Process URI: '/app/Cuenta'
I/APP     ( 1737): I 06/15/2012 14:01:09:654 000006de                  APP| RHO serve: /app/Cuenta
I/APP     ( 1737): I 06/15/2012 14:01:09:753 000006de           HttpServer| GC Start.
I/APP     ( 1737): I 06/15/2012 14:01:09:790 000006de           HttpServer| GC End.
I/APP     ( 1737): I 06/15/2012 14:01:14:283 000006de           HttpServer| Process URI: '/app/Cuenta/{109000765391727.62}/show'
I/APP     ( 1737): I 06/15/2012 14:01:14:287 000006de                  APP| RHO serve: /app/Cuenta/{109000765391727.62}/show
I/APP     ( 1737): I 06/15/2012 14:01:14:316 000006de                  APP| Params: {"id"=>"{109000765391727.62}"}
I/APP     ( 1737): I 06/15/2012 14:01:14:379 000006de           HttpServer| GC Start.
I/APP     ( 1737): I 06/15/2012 14:01:14:422 000006de           HttpServer| GC End.
D/dalvikvm(   77): GC_CONCURRENT freed 435K, 16% free 11369K/13447K, paused 5ms+41ms
I/APP     ( 1737): I 06/15/2012 14:01:18:210 000006de           HttpServer| Process URI: '/app/Cuenta/{109000765391727.62}/edit'
I/APP     ( 1737): I 06/15/2012 14:01:18:214 000006de                  APP| RHO serve: /app/Cuenta/{109000765391727.62}/edit
I/APP     ( 1737): I 06/15/2012 14:01:18:241 000006de                  APP| Params: {"id"=>"{109000765391727.62}"}
I/APP     ( 1737): I 06/15/2012 14:01:18:325 000006de           HttpServer| GC Start.
I/APP     ( 1737): I 06/15/2012 14:01:18:387 000006de           HttpServer| GC End.
I/APP     ( 1737): I 06/15/2012 14:01:20:593 000006de           HttpServer| Process URI: '/app/Cuenta/{109000765391727.62}/delete'
I/APP     ( 1737): I 06/15/2012 14:01:20:595 000006de                  APP| RHO serve: /app/Cuenta/{109000765391727.62}/delete
I/APP     ( 1737): I 06/15/2012 14:01:20:624 000006de                  APP| Params: {"id"=>"{109000765391727.62}"}
I/APP     ( 1737): I 06/15/2012 14:01:20:707 000006de           HttpServer| GC Start.
I/APP     ( 1737): I 06/15/2012 14:01:20:739 000006de           HttpServer| GC End.
I/APP     ( 1737): I 06/15/2012 14:01:20:823 000006de           HttpServer| Process URI: '/app/Cuenta'
I/APP     ( 1737): I 06/15/2012 14:01:20:825 000006de                  APP| RHO serve: /app/Cuenta
I/APP     ( 1737): I 06/15/2012 14:01:20:921 000006de           HttpServer| GC Start.
I/APP     ( 1737): I 06/15/2012 14:01:20:967 000006de           HttpServer| GC End.
I/APP     ( 1737): I 06/15/2012 14:01:25:286 000006de           HttpServer| Process URI: '/app/Cuenta/{108996620082006.83}/show'
I/APP     ( 1737): I 06/15/2012 14:01:25:287 000006de                  APP| RHO serve: /app/Cuenta/{108996620082006.83}/show
I/APP     ( 1737): I 06/15/2012 14:01:25:312 000006de                  APP| Params: {"id"=>"{108996620082006.83}"}
I/APP     ( 1737): I 06/15/2012 14:01:25:388 000006de           HttpServer| GC Start.
I/APP     ( 1737): I 06/15/2012 14:01:25:432 000006de           HttpServer| GC End.
I/APP     ( 1737): I 06/15/2012 14:01:28:286 000006de           HttpServer| Process URI: '/app/Cuenta/{108996620082006.83}/edit'
I/APP     ( 1737): I 06/15/2012 14:01:28:288 000006de                  APP| RHO serve: /app/Cuenta/{108996620082006.83}/edit
I/APP     ( 1737): I 06/15/2012 14:01:28:290 000006de                  APP| Params: {"id"=>"{108996620082006.83}"}
I/APP     ( 1737): I 06/15/2012 14:01:28:379 000006de           HttpServer| GC Start.
I/APP     ( 1737): I 06/15/2012 14:01:28:425 000006de           HttpServer| GC End.
I/APP     ( 1737): I 06/15/2012 14:01:30:826 000006de           HttpServer| Process URI: '/app/Cuenta/{108996620082006.83}/delete'
I/APP     ( 1737): I 06/15/2012 14:01:30:828 000006de                  APP| RHO serve: /app/Cuenta/{108996620082006.83}/delete
I/APP     ( 1737): I 06/15/2012 14:01:30:854 000006de                  APP| Params: {"id"=>"{108996620082006.83}"}
I/APP     ( 1737): I 06/15/2012 14:01:30:936 000006de           HttpServer| GC Start.
I/APP     ( 1737): I 06/15/2012 14:01:30:975 000006de           HttpServer| GC End.
I/APP     ( 1737): I 06/15/2012 14:01:31:053 000006de           HttpServer| Process URI: '/app/Cuenta'
I/APP     ( 1737): I 06/15/2012 14:01:31:054 000006de                  APP| RHO serve: /app/Cuenta
I/APP     ( 1737): I 06/15/2012 14:01:31:151 000006de           HttpServer| GC Start.
I/APP     ( 1737): I 06/15/2012 14:01:31:193 000006de           HttpServer| GC End.
D/dalvikvm( 1737): GC_CONCURRENT freed 535K, 7% free 9454K/10119K, paused 14ms+6ms
I/APP     ( 1737): I 06/15/2012 14:01:34:285 000006de           HttpServer| Process URI: '/app/Cuenta/{108990119943991.38}/show'
I/APP     ( 1737): I 06/15/2012 14:01:34:287 000006de                  APP| RHO serve: /app/Cuenta/{108990119943991.38}/show
I/APP     ( 1737): I 06/15/2012 14:01:34:311 000006de                  APP| Params: {"id"=>"{108990119943991.38}"}
I/APP     ( 1737): I 06/15/2012 14:01:34:394 000006de           HttpServer| GC Start.
I/APP     ( 1737): I 06/15/2012 14:01:34:443 000006de           HttpServer| GC End.
I/APP     ( 1737): I 06/15/2012 14:01:36:836 000006de           HttpServer| Process URI: '/app/Cuenta/{108990119943991.38}/edit'
I/APP     ( 1737): I 06/15/2012 14:01:36:840 000006de                  APP| RHO serve: /app/Cuenta/{108990119943991.38}/edit
I/APP     ( 1737): I 06/15/2012 14:01:36:861 000006de                  APP| Params: {"id"=>"{108990119943991.38}"}
I/APP     ( 1737): I 06/15/2012 14:01:36:944 000006de           HttpServer| GC Start.
I/APP     ( 1737): I 06/15/2012 14:01:36:990 000006de           HttpServer| GC End.
I/APP     ( 1737): I 06/15/2012 14:01:39:162 000006de           HttpServer| Process URI: '/app/Cuenta/{108990119943991.38}/delete'
I/APP     ( 1737): I 06/15/2012 14:01:39:164 000006de                  APP| RHO serve: /app/Cuenta/{108990119943991.38}/delete
I/APP     ( 1737): I 06/15/2012 14:01:39:185 000006de                  APP| Params: {"id"=>"{108990119943991.38}"}
I/APP     ( 1737): I 06/15/2012 14:01:39:263 000006de           HttpServer| GC Start.
I/APP     ( 1737): I 06/15/2012 14:01:39:299 000006de           HttpServer| GC End.
I/APP     ( 1737): I 06/15/2012 14:01:39:418 000006de           HttpServer| Process URI: '/app/Cuenta'
I/APP     ( 1737): I 06/15/2012 14:01:39:422 000006de                  APP| RHO serve: /app/Cuenta
I/APP     ( 1737): I 06/15/2012 14:01:39:494 000006de           HttpServer| GC Start.
I/APP     ( 1737): I 06/15/2012 14:01:39:536 000006de           HttpServer| GC End.
I/APP     ( 1737): I 06/15/2012 14:01:42:423 000006de           HttpServer| Process URI: '/app/index_erb.iseq'
I/APP     ( 1737): I 06/15/2012 14:01:42:428 000006de                  APP| RHO serve_index: /app/index_erb.iseq
I/APP     ( 1737): I 06/15/2012 14:01:42:451 000006de RHO Rho::RhoController| inst_render_index
I/APP     ( 1737): I 06/15/2012 14:01:42:528 000006de           HttpServer| GC Start.
I/APP     ( 1737): I 06/15/2012 14:01:42:571 000006de           HttpServer| GC End.
D/dalvikvm(  156): GC_CONCURRENT freed 385K, 6% free 9533K/10119K, paused 4ms+4ms
W/ThrottleService(   77): unable to find stats for iface rmnet0
D/dalvikvm(  156): GC_CONCURRENT freed 390K, 6% free 9533K/10119K, paused 6ms+5ms
F/BatteryStatsImpl(   77): problem reading network stats
F/BatteryStatsImpl(   77): java.lang.IllegalStateException: problem parsing idx 1
F/BatteryStatsImpl(   77): 	at com.android.internal.net.NetworkStatsFactory.readNetworkStatsDetail(NetworkStatsFactory.java:300)
F/BatteryStatsImpl(   77): 	at com.android.internal.net.NetworkStatsFactory.readNetworkStatsDetail(NetworkStatsFactory.java:250)
F/BatteryStatsImpl(   77): 	at com.android.internal.os.BatteryStatsImpl.getNetworkStatsDetailGroupedByUid(BatteryStatsImpl.java:5734)
F/BatteryStatsImpl(   77): 	at com.android.internal.os.BatteryStatsImpl.access$100(BatteryStatsImpl.java:76)
F/BatteryStatsImpl(   77): 	at com.android.internal.os.BatteryStatsImpl$Uid.computeCurrentTcpBytesReceived(BatteryStatsImpl.java:2457)
F/BatteryStatsImpl(   77): 	at com.android.internal.os.BatteryStatsImpl$Uid.getTcpBytesReceived(BatteryStatsImpl.java:2446)
F/BatteryStatsImpl(   77): 	at com.android.internal.os.BatteryStatsImpl.writeSummaryToParcel(BatteryStatsImpl.java:5437)
F/BatteryStatsImpl(   77): 	at com.android.internal.os.BatteryStatsImpl.writeLocked(BatteryStatsImpl.java:4836)
F/BatteryStatsImpl(   77): 	at com.android.internal.os.BatteryStatsImpl.writeAsyncLocked(BatteryStatsImpl.java:4818)
F/BatteryStatsImpl(   77): 	at com.android.server.am.ActivityManagerService.updateCpuStatsNow(ActivityManagerService.java:1652)
F/BatteryStatsImpl(   77): 	at com.android.server.am.ActivityManagerService$3.run(ActivityManagerService.java:1534)
F/BatteryStatsImpl(   77): Caused by: java.io.FileNotFoundException: /proc/net/xt_qtaguid/stats: open failed: ENOENT (No such file or directory)
F/BatteryStatsImpl(   77): 	at libcore.io.IoBridge.open(IoBridge.java:406)
F/BatteryStatsImpl(   77): 	at java.io.FileInputStream.<init>(FileInputStream.java:78)
F/BatteryStatsImpl(   77): 	at com.android.internal.net.NetworkStatsFactory.readNetworkStatsDetail(NetworkStatsFactory.java:269)
F/BatteryStatsImpl(   77): 	... 10 more
F/BatteryStatsImpl(   77): Caused by: libcore.io.ErrnoException: open failed: ENOENT (No such file or directory)
F/BatteryStatsImpl(   77): 	at libcore.io.Posix.open(Native Method)
F/BatteryStatsImpl(   77): 	at libcore.io.BlockGuardOs.open(BlockGuardOs.java:110)
F/BatteryStatsImpl(   77): 	at libcore.io.IoBridge.open(IoBridge.java:390)
F/BatteryStatsImpl(   77): 	... 12 more
D/dalvikvm(   77): GC_CONCURRENT freed 462K, 16% free 11416K/13447K, paused 10ms+9ms
W/ThrottleService(   77): unable to find stats for iface rmnet0
D/dalvikvm(  156): GC_CONCURRENT freed 384K, 6% free 9533K/10119K, paused 12ms+4ms
W/ThrottleService(   77): unable to find stats for iface rmnet0
D/dalvikvm(  156): GC_CONCURRENT freed 384K, 6% free 9532K/10119K, paused 6ms+4ms
F/NetworkStats(   77): problem reading network stats
F/NetworkStats(   77): java.lang.IllegalStateException: problem parsing idx 1
F/NetworkStats(   77): 	at com.android.internal.net.NetworkStatsFactory.readNetworkStatsDetail(NetworkStatsFactory.java:300)
F/NetworkStats(   77): 	at com.android.server.NetworkManagementService.getNetworkStatsUidDetail(NetworkManagementService.java:1282)
F/NetworkStats(   77): 	at com.android.server.net.NetworkStatsService.performPollLocked(NetworkStatsService.java:831)
F/NetworkStats(   77): 	at com.android.server.net.NetworkStatsService.performPoll(NetworkStatsService.java:799)
F/NetworkStats(   77): 	at com.android.server.net.NetworkStatsService.access$100(NetworkStatsService.java:128)
F/NetworkStats(   77): 	at com.android.server.net.NetworkStatsService$3.onReceive(NetworkStatsService.java:633)
F/NetworkStats(   77): 	at android.app.LoadedApk$ReceiverDispatcher$Args.run(LoadedApk.java:728)
F/NetworkStats(   77): 	at android.os.Handler.handleCallback(Handler.java:605)
F/NetworkStats(   77): 	at android.os.Handler.dispatchMessage(Handler.java:92)
F/NetworkStats(   77): 	at android.os.Looper.loop(Looper.java:137)
F/NetworkStats(   77): 	at android.os.HandlerThread.run(HandlerThread.java:60)
F/NetworkStats(   77): Caused by: java.io.FileNotFoundException: /proc/net/xt_qtaguid/stats: open failed: ENOENT (No such file or directory)
F/NetworkStats(   77): 	at libcore.io.IoBridge.open(IoBridge.java:406)
F/NetworkStats(   77): 	at java.io.FileInputStream.<init>(FileInputStream.java:78)
F/NetworkStats(   77): 	at com.android.internal.net.NetworkStatsFactory.readNetworkStatsDetail(NetworkStatsFactory.java:269)
F/NetworkStats(   77): 	... 10 more
F/NetworkStats(   77): Caused by: libcore.io.ErrnoException: open failed: ENOENT (No such file or directory)
F/NetworkStats(   77): 	at libcore.io.Posix.open(Native Method)
F/NetworkStats(   77): 	at libcore.io.BlockGuardOs.open(BlockGuardOs.java:110)
F/NetworkStats(   77): 	at libcore.io.IoBridge.open(IoBridge.java:390)
F/NetworkStats(   77): 	... 12 more
D/dalvikvm(   77): GC_CONCURRENT freed 494K, 16% free 11424K/13447K, paused 6ms+15ms
D/dalvikvm(  156): GC_CONCURRENT freed 384K, 6% free 9533K/10119K, paused 5ms+4ms
W/ThrottleService(   77): unable to find stats for iface rmnet0
D/dalvikvm(  156): GC_CONCURRENT freed 384K, 6% free 9532K/10119K, paused 4ms+6ms
F/BatteryStatsImpl(   77): problem reading network stats
F/BatteryStatsImpl(   77): java.lang.IllegalStateException: problem parsing idx 1
F/BatteryStatsImpl(   77): 	at com.android.internal.net.NetworkStatsFactory.readNetworkStatsDetail(NetworkStatsFactory.java:300)
F/BatteryStatsImpl(   77): 	at com.android.internal.net.NetworkStatsFactory.readNetworkStatsDetail(NetworkStatsFactory.java:250)
F/BatteryStatsImpl(   77): 	at com.android.internal.os.BatteryStatsImpl.getNetworkStatsDetailGroupedByUid(BatteryStatsImpl.java:5734)
F/BatteryStatsImpl(   77): 	at com.android.internal.os.BatteryStatsImpl.access$100(BatteryStatsImpl.java:76)
F/BatteryStatsImpl(   77): 	at com.android.internal.os.BatteryStatsImpl$Uid.computeCurrentTcpBytesReceived(BatteryStatsImpl.java:2457)
F/BatteryStatsImpl(   77): 	at com.android.internal.os.BatteryStatsImpl$Uid.getTcpBytesReceived(BatteryStatsImpl.java:2446)
F/BatteryStatsImpl(   77): 	at com.android.internal.os.BatteryStatsImpl.writeSummaryToParcel(BatteryStatsImpl.java:5437)
F/BatteryStatsImpl(   77): 	at com.android.internal.os.BatteryStatsImpl.writeLocked(BatteryStatsImpl.java:4836)
F/BatteryStatsImpl(   77): 	at com.android.internal.os.BatteryStatsImpl.writeAsyncLocked(BatteryStatsImpl.java:4818)
F/BatteryStatsImpl(   77): 	at com.android.server.am.ActivityManagerService.updateCpuStatsNow(ActivityManagerService.java:1652)
F/BatteryStatsImpl(   77): 	at com.android.server.am.ActivityManagerService$3.run(ActivityManagerService.java:1534)
F/BatteryStatsImpl(   77): Caused by: java.io.FileNotFoundException: /proc/net/xt_qtaguid/stats: open failed: ENOENT (No such file or directory)
F/BatteryStatsImpl(   77): 	at libcore.io.IoBridge.open(IoBridge.java:406)
F/BatteryStatsImpl(   77): 	at java.io.FileInputStream.<init>(FileInputStream.java:78)
F/BatteryStatsImpl(   77): 	at com.android.internal.net.NetworkStatsFactory.readNetworkStatsDetail(NetworkStatsFactory.java:269)
F/BatteryStatsImpl(   77): 	... 10 more
F/BatteryStatsImpl(   77): Caused by: libcore.io.ErrnoException: open failed: ENOENT (No such file or directory)
F/BatteryStatsImpl(   77): 	at libcore.io.Posix.open(Native Method)
F/BatteryStatsImpl(   77): 	at libcore.io.BlockGuardOs.open(BlockGuardOs.java:110)
F/BatteryStatsImpl(   77): 	at libcore.io.IoBridge.open(IoBridge.java:390)
F/BatteryStatsImpl(   77): 	... 12 more
D/dalvikvm(   77): GC_CONCURRENT freed 525K, 16% free 11391K/13447K, paused 7ms+9ms
W/ThrottleService(   77): unable to find stats for iface rmnet0
D/dalvikvm(  156): GC_CONCURRENT freed 384K, 6% free 9533K/10119K, paused 6ms+5ms
D/dalvikvm(  156): GC_CONCURRENT freed 385K, 6% free 9533K/10119K, paused 7ms+4ms
W/ThrottleService(   77): unable to find stats for iface rmnet0
D/dalvikvm(   77): GC_CONCURRENT freed 501K, 16% free 11400K/13447K, paused 8ms+10ms
V/BackupManagerService(   77): Running a backup pass
V/BackupManagerService(   77): Backup requested but nothing pending
F/NetworkStats(   77): problem reading network stats
F/NetworkStats(   77): java.lang.IllegalStateException: problem parsing idx 1
F/NetworkStats(   77): 	at com.android.internal.net.NetworkStatsFactory.readNetworkStatsDetail(NetworkStatsFactory.java:300)
F/NetworkStats(   77): 	at com.android.server.NetworkManagementService.getNetworkStatsUidDetail(NetworkManagementService.java:1282)
F/NetworkStats(   77): 	at com.android.server.net.NetworkStatsService.performPollLocked(NetworkStatsService.java:831)
F/NetworkStats(   77): 	at com.android.server.net.NetworkStatsService.performPoll(NetworkStatsService.java:799)
F/NetworkStats(   77): 	at com.android.server.net.NetworkStatsService.access$100(NetworkStatsService.java:128)
F/NetworkStats(   77): 	at com.android.server.net.NetworkStatsService$3.onReceive(NetworkStatsService.java:633)
F/NetworkStats(   77): 	at android.app.LoadedApk$ReceiverDispatcher$Args.run(LoadedApk.java:728)
F/NetworkStats(   77): 	at android.os.Handler.handleCallback(Handler.java:605)
F/NetworkStats(   77): 	at android.os.Handler.dispatchMessage(Handler.java:92)
F/NetworkStats(   77): 	at android.os.Looper.loop(Looper.java:137)
F/NetworkStats(   77): 	at android.os.HandlerThread.run(HandlerThread.java:60)
F/NetworkStats(   77): Caused by: java.io.FileNotFoundException: /proc/net/xt_qtaguid/stats: open failed: ENOENT (No such file or directory)
F/NetworkStats(   77): 	at libcore.io.IoBridge.open(IoBridge.java:406)
F/NetworkStats(   77): 	at java.io.FileInputStream.<init>(FileInputStream.java:78)
F/NetworkStats(   77): 	at com.android.internal.net.NetworkStatsFactory.readNetworkStatsDetail(NetworkStatsFactory.java:269)
F/NetworkStats(   77): 	... 10 more
F/NetworkStats(   77): Caused by: libcore.io.ErrnoException: open failed: ENOENT (No such file or directory)
F/NetworkStats(   77): 	at libcore.io.Posix.open(Native Method)
F/NetworkStats(   77): 	at libcore.io.BlockGuardOs.open(BlockGuardOs.java:110)
F/NetworkStats(   77): 	at libcore.io.IoBridge.open(IoBridge.java:390)
F/NetworkStats(   77): 	... 12 more
D/dalvikvm(  156): GC_CONCURRENT freed 385K, 6% free 9532K/10119K, paused 6ms+6ms
W/ThrottleService(   77): unable to find stats for iface rmnet0
D/dalvikvm(  129): GC_CONCURRENT freed 561K, 52% free 9821K/20167K, paused 7ms+11ms
D/dalvikvm(  156): GC_CONCURRENT freed 384K, 6% free 9532K/10119K, paused 5ms+5ms
D/dalvikvm(   77): GC_CONCURRENT freed 480K, 16% free 11394K/13447K, paused 6ms+13ms
F/BatteryStatsImpl(   77): problem reading network stats
F/BatteryStatsImpl(   77): java.lang.IllegalStateException: problem parsing idx 1
F/BatteryStatsImpl(   77): 	at com.android.internal.net.NetworkStatsFactory.readNetworkStatsDetail(NetworkStatsFactory.java:300)
F/BatteryStatsImpl(   77): 	at com.android.internal.net.NetworkStatsFactory.readNetworkStatsDetail(NetworkStatsFactory.java:250)
F/BatteryStatsImpl(   77): 	at com.android.internal.os.BatteryStatsImpl.getNetworkStatsDetailGroupedByUid(BatteryStatsImpl.java:5734)
F/BatteryStatsImpl(   77): 	at com.android.internal.os.BatteryStatsImpl.access$100(BatteryStatsImpl.java:76)
F/BatteryStatsImpl(   77): 	at com.android.internal.os.BatteryStatsImpl$Uid.computeCurrentTcpBytesReceived(BatteryStatsImpl.java:2457)
F/BatteryStatsImpl(   77): 	at com.android.internal.os.BatteryStatsImpl$Uid.getTcpBytesReceived(BatteryStatsImpl.java:2446)
F/BatteryStatsImpl(   77): 	at com.android.internal.os.BatteryStatsImpl.writeSummaryToParcel(BatteryStatsImpl.java:5437)
F/BatteryStatsImpl(   77): 	at com.android.internal.os.BatteryStatsImpl.writeLocked(BatteryStatsImpl.java:4836)
F/BatteryStatsImpl(   77): 	at com.android.internal.os.BatteryStatsImpl.writeAsyncLocked(BatteryStatsImpl.java:4818)
F/BatteryStatsImpl(   77): 	at com.android.server.am.ActivityManagerService.updateCpuStatsNow(ActivityManagerService.java:1652)
F/BatteryStatsImpl(   77): 	at com.android.server.am.ActivityManagerService$3.run(ActivityManagerService.java:1534)
F/BatteryStatsImpl(   77): Caused by: java.io.FileNotFoundException: /proc/net/xt_qtaguid/stats: open failed: ENOENT (No such file or directory)
F/BatteryStatsImpl(   77): 	at libcore.io.IoBridge.open(IoBridge.java:406)
F/BatteryStatsImpl(   77): 	at java.io.FileInputStream.<init>(FileInputStream.java:78)
F/BatteryStatsImpl(   77): 	at com.android.internal.net.NetworkStatsFactory.readNetworkStatsDetail(NetworkStatsFactory.java:269)
F/BatteryStatsImpl(   77): 	... 10 more
F/BatteryStatsImpl(   77): Caused by: libcore.io.ErrnoException: open failed: ENOENT (No such file or directory)
F/BatteryStatsImpl(   77): 	at libcore.io.Posix.open(Native Method)
F/BatteryStatsImpl(   77): 	at libcore.io.BlockGuardOs.open(BlockGuardOs.java:110)
F/BatteryStatsImpl(   77): 	at libcore.io.IoBridge.open(IoBridge.java:390)
F/BatteryStatsImpl(   77): 	... 12 more
D/dalvikvm(  156): GC_CONCURRENT freed 384K, 6% free 9532K/10119K, paused 5ms+4ms
W/ThrottleService(   77): unable to find stats for iface rmnet0
D/dalvikvm(  156): GC_CONCURRENT freed 383K, 6% free 9533K/10119K, paused 6ms+5ms
D/dalvikvm(   77): GC_CONCURRENT freed 478K, 16% free 11390K/13447K, paused 10ms+14ms
W/ThrottleService(   77): unable to find stats for iface rmnet0
F/NetworkStats(   77): problem reading network stats
F/NetworkStats(   77): java.lang.IllegalStateException: problem parsing idx 1
F/NetworkStats(   77): 	at com.android.internal.net.NetworkStatsFactory.readNetworkStatsDetail(NetworkStatsFactory.java:300)
F/NetworkStats(   77): 	at com.android.server.NetworkManagementService.getNetworkStatsUidDetail(NetworkManagementService.java:1282)
F/NetworkStats(   77): 	at com.android.server.net.NetworkStatsService.performPollLocked(NetworkStatsService.java:831)
F/NetworkStats(   77): 	at com.android.server.net.NetworkStatsService.performPoll(NetworkStatsService.java:799)
F/NetworkStats(   77): 	at com.android.server.net.NetworkStatsService.access$100(NetworkStatsService.java:128)
F/NetworkStats(   77): 	at com.android.server.net.NetworkStatsService$3.onReceive(NetworkStatsService.java:633)
F/NetworkStats(   77): 	at android.app.LoadedApk$ReceiverDispatcher$Args.run(LoadedApk.java:728)
F/NetworkStats(   77): 	at android.os.Handler.handleCallback(Handler.java:605)
F/NetworkStats(   77): 	at android.os.Handler.dispatchMessage(Handler.java:92)
F/NetworkStats(   77): 	at android.os.Looper.loop(Looper.java:137)
F/NetworkStats(   77): 	at android.os.HandlerThread.run(HandlerThread.java:60)
F/NetworkStats(   77): Caused by: java.io.FileNotFoundException: /proc/net/xt_qtaguid/stats: open failed: ENOENT (No such file or directory)
F/NetworkStats(   77): 	at libcore.io.IoBridge.open(IoBridge.java:406)
F/NetworkStats(   77): 	at java.io.FileInputStream.<init>(FileInputStream.java:78)
F/NetworkStats(   77): 	at com.android.internal.net.NetworkStatsFactory.readNetworkStatsDetail(NetworkStatsFactory.java:269)
F/NetworkStats(   77): 	... 10 more
F/NetworkStats(   77): Caused by: libcore.io.ErrnoException: open failed: ENOENT (No such file or directory)
F/NetworkStats(   77): 	at libcore.io.Posix.open(Native Method)
F/NetworkStats(   77): 	at libcore.io.BlockGuardOs.open(BlockGuardOs.java:110)
F/NetworkStats(   77): 	at libcore.io.IoBridge.open(IoBridge.java:390)
F/NetworkStats(   77): 	... 12 more
D/dalvikvm(  156): GC_CONCURRENT freed 385K, 6% free 9532K/10119K, paused 7ms+5ms
D/dalvikvm(  156): GC_CONCURRENT freed 384K, 6% free 9532K/10119K, paused 7ms+6ms
W/ThrottleService(   77): unable to find stats for iface rmnet0
D/dalvikvm(   77): GC_CONCURRENT freed 465K, 16% free 11390K/13447K, paused 8ms+12ms
D/dalvikvm(  156): GC_CONCURRENT freed 383K, 6% free 9533K/10119K, paused 7ms+4ms
F/BatteryStatsImpl(   77): problem reading network stats
F/BatteryStatsImpl(   77): java.lang.IllegalStateException: problem parsing idx 1
F/BatteryStatsImpl(   77): 	at com.android.internal.net.NetworkStatsFactory.readNetworkStatsDetail(NetworkStatsFactory.java:300)
F/BatteryStatsImpl(   77): 	at com.android.internal.net.NetworkStatsFactory.readNetworkStatsDetail(NetworkStatsFactory.java:250)
F/BatteryStatsImpl(   77): 	at com.android.internal.os.BatteryStatsImpl.getNetworkStatsDetailGroupedByUid(BatteryStatsImpl.java:5734)
F/BatteryStatsImpl(   77): 	at com.android.internal.os.BatteryStatsImpl.access$100(BatteryStatsImpl.java:76)
F/BatteryStatsImpl(   77): 	at com.android.internal.os.BatteryStatsImpl$Uid.computeCurrentTcpBytesReceived(BatteryStatsImpl.java:2457)
F/BatteryStatsImpl(   77): 	at com.android.internal.os.BatteryStatsImpl$Uid.getTcpBytesReceived(BatteryStatsImpl.java:2446)
F/BatteryStatsImpl(   77): 	at com.android.internal.os.BatteryStatsImpl.writeSummaryToParcel(BatteryStatsImpl.java:5437)
F/BatteryStatsImpl(   77): 	at com.android.internal.os.BatteryStatsImpl.writeLocked(BatteryStatsImpl.java:4836)
F/BatteryStatsImpl(   77): 	at com.android.internal.os.BatteryStatsImpl.writeAsyncLocked(BatteryStatsImpl.java:4818)
F/BatteryStatsImpl(   77): 	at com.android.server.am.ActivityManagerService.updateCpuStatsNow(ActivityManagerService.java:1652)
F/BatteryStatsImpl(   77): 	at com.android.server.am.ActivityManagerService$3.run(ActivityManagerService.java:1534)
F/BatteryStatsImpl(   77): Caused by: java.io.FileNotFoundException: /proc/net/xt_qtaguid/stats: open failed: ENOENT (No such file or directory)
F/BatteryStatsImpl(   77): 	at libcore.io.IoBridge.open(IoBridge.java:406)
F/BatteryStatsImpl(   77): 	at java.io.FileInputStream.<init>(FileInputStream.java:78)
F/BatteryStatsImpl(   77): 	at com.android.internal.net.NetworkStatsFactory.readNetworkStatsDetail(NetworkStatsFactory.java:269)
F/BatteryStatsImpl(   77): 	... 10 more
F/BatteryStatsImpl(   77): Caused by: libcore.io.ErrnoException: open failed: ENOENT (No such file or directory)
F/BatteryStatsImpl(   77): 	at libcore.io.Posix.open(Native Method)
F/BatteryStatsImpl(   77): 	at libcore.io.BlockGuardOs.open(BlockGuardOs.java:110)
F/BatteryStatsImpl(   77): 	at libcore.io.IoBridge.open(IoBridge.java:390)
F/BatteryStatsImpl(   77): 	... 12 more
W/ThrottleService(   77): unable to find stats for iface rmnet0
D/dalvikvm(  156): GC_CONCURRENT freed 386K, 6% free 9533K/10119K, paused 7ms+4ms
D/dalvikvm(   77): GC_CONCURRENT freed 473K, 16% free 11391K/13447K, paused 9ms+10ms
W/ThrottleService(   77): unable to find stats for iface rmnet0
D/dalvikvm(  156): GC_CONCURRENT freed 384K, 6% free 9533K/10119K, paused 5ms+5ms
V/BackupManagerService(   77): Running a backup pass
V/BackupManagerService(   77): Backup requested but nothing pending
F/NetworkStats(   77): problem reading network stats
F/NetworkStats(   77): java.lang.IllegalStateException: problem parsing idx 1
F/NetworkStats(   77): 	at com.android.internal.net.NetworkStatsFactory.readNetworkStatsDetail(NetworkStatsFactory.java:300)
F/NetworkStats(   77): 	at com.android.server.NetworkManagementService.getNetworkStatsUidDetail(NetworkManagementService.java:1282)
F/NetworkStats(   77): 	at com.android.server.net.NetworkStatsService.performPollLocked(NetworkStatsService.java:831)
F/NetworkStats(   77): 	at com.android.server.net.NetworkStatsService.performPoll(NetworkStatsService.java:799)
F/NetworkStats(   77): 	at com.android.server.net.NetworkStatsService.access$100(NetworkStatsService.java:128)
F/NetworkStats(   77): 	at com.android.server.net.NetworkStatsService$3.onReceive(NetworkStatsService.java:633)
F/NetworkStats(   77): 	at android.app.LoadedApk$ReceiverDispatcher$Args.run(LoadedApk.java:728)
F/NetworkStats(   77): 	at android.os.Handler.handleCallback(Handler.java:605)
F/NetworkStats(   77): 	at android.os.Handler.dispatchMessage(Handler.java:92)
F/NetworkStats(   77): 	at android.os.Looper.loop(Looper.java:137)
F/NetworkStats(   77): 	at android.os.HandlerThread.run(HandlerThread.java:60)
F/NetworkStats(   77): Caused by: java.io.FileNotFoundException: /proc/net/xt_qtaguid/stats: open failed: ENOENT (No such file or directory)
F/NetworkStats(   77): 	at libcore.io.IoBridge.open(IoBridge.java:406)
F/NetworkStats(   77): 	at java.io.FileInputStream.<init>(FileInputStream.java:78)
F/NetworkStats(   77): 	at com.android.internal.net.NetworkStatsFactory.readNetworkStatsDetail(NetworkStatsFactory.java:269)
F/NetworkStats(   77): 	... 10 more
F/NetworkStats(   77): Caused by: libcore.io.ErrnoException: open failed: ENOENT (No such file or directory)
F/NetworkStats(   77): 	at libcore.io.Posix.open(Native Method)
F/NetworkStats(   77): 	at libcore.io.BlockGuardOs.open(BlockGuardOs.java:110)
F/NetworkStats(   77): 	at libcore.io.IoBridge.open(IoBridge.java:390)
F/NetworkStats(   77): 	... 12 more
D/dalvikvm(  156): GC_CONCURRENT freed 383K, 6% free 9533K/10119K, paused 9ms+5ms
W/ThrottleService(   77): unable to find stats for iface rmnet0
D/dalvikvm(   77): GC_CONCURRENT freed 472K, 16% free 11396K/13447K, paused 8ms+10ms
D/dalvikvm(  156): GC_CONCURRENT freed 384K, 6% free 9532K/10119K, paused 6ms+5ms
F/BatteryStatsImpl(   77): problem reading network stats
F/BatteryStatsImpl(   77): java.lang.IllegalStateException: problem parsing idx 1
F/BatteryStatsImpl(   77): 	at com.android.internal.net.NetworkStatsFactory.readNetworkStatsDetail(NetworkStatsFactory.java:300)
F/BatteryStatsImpl(   77): 	at com.android.internal.net.NetworkStatsFactory.readNetworkStatsDetail(NetworkStatsFactory.java:250)
F/BatteryStatsImpl(   77): 	at com.android.internal.os.BatteryStatsImpl.getNetworkStatsDetailGroupedByUid(BatteryStatsImpl.java:5734)
F/BatteryStatsImpl(   77): 	at com.android.internal.os.BatteryStatsImpl.access$100(BatteryStatsImpl.java:76)
F/BatteryStatsImpl(   77): 	at com.android.internal.os.BatteryStatsImpl$Uid.computeCurrentTcpBytesReceived(BatteryStatsImpl.java:2457)
F/BatteryStatsImpl(   77): 	at com.android.internal.os.BatteryStatsImpl$Uid.getTcpBytesReceived(BatteryStatsImpl.java:2446)
F/BatteryStatsImpl(   77): 	at com.android.internal.os.BatteryStatsImpl.writeSummaryToParcel(BatteryStatsImpl.java:5437)
F/BatteryStatsImpl(   77): 	at com.android.internal.os.BatteryStatsImpl.writeLocked(BatteryStatsImpl.java:4836)
F/BatteryStatsImpl(   77): 	at com.android.internal.os.BatteryStatsImpl.writeAsyncLocked(BatteryStatsImpl.java:4818)
F/BatteryStatsImpl(   77): 	at com.android.server.am.ActivityManagerService.updateCpuStatsNow(ActivityManagerService.java:1652)
F/BatteryStatsImpl(   77): 	at com.android.server.am.ActivityManagerService$3.run(ActivityManagerService.java:1534)
F/BatteryStatsImpl(   77): Caused by: java.io.FileNotFoundException: /proc/net/xt_qtaguid/stats: open failed: ENOENT (No such file or directory)
F/BatteryStatsImpl(   77): 	at libcore.io.IoBridge.open(IoBridge.java:406)
F/BatteryStatsImpl(   77): 	at java.io.FileInputStream.<init>(FileInputStream.java:78)
F/BatteryStatsImpl(   77): 	at com.android.internal.net.NetworkStatsFactory.readNetworkStatsDetail(NetworkStatsFactory.java:269)
F/BatteryStatsImpl(   77): 	... 10 more
F/BatteryStatsImpl(   77): Caused by: libcore.io.ErrnoException: open failed: ENOENT (No such file or directory)
F/BatteryStatsImpl(   77): 	at libcore.io.Posix.open(Native Method)
F/BatteryStatsImpl(   77): 	at libcore.io.BlockGuardOs.open(BlockGuardOs.java:110)
F/BatteryStatsImpl(   77): 	at libcore.io.IoBridge.open(IoBridge.java:390)
F/BatteryStatsImpl(   77): 	... 12 more
D/dalvikvm(  129): GC_CONCURRENT freed 386K, 52% free 9819K/20167K, paused 4ms+8ms
W/ThrottleService(   77): unable to find stats for iface rmnet0
D/dalvikvm(  156): GC_CONCURRENT freed 384K, 6% free 9533K/10119K, paused 16ms+5ms
D/dalvikvm(   77): GC_CONCURRENT freed 474K, 16% free 11390K/13447K, paused 6ms+9ms
D/dalvikvm(  156): GC_CONCURRENT freed 384K, 6% free 9533K/10119K, paused 6ms+4ms
W/ThrottleService(   77): unable to find stats for iface rmnet0
F/NetworkStats(   77): problem reading network stats
F/NetworkStats(   77): java.lang.IllegalStateException: problem parsing idx 1
F/NetworkStats(   77): 	at com.android.internal.net.NetworkStatsFactory.readNetworkStatsDetail(NetworkStatsFactory.java:300)
F/NetworkStats(   77): 	at com.android.server.NetworkManagementService.getNetworkStatsUidDetail(NetworkManagementService.java:1282)
F/NetworkStats(   77): 	at com.android.server.net.NetworkStatsService.performPollLocked(NetworkStatsService.java:831)
F/NetworkStats(   77): 	at com.android.server.net.NetworkStatsService.performPoll(NetworkStatsService.java:799)
F/NetworkStats(   77): 	at com.android.server.net.NetworkStatsService.access$100(NetworkStatsService.java:128)
F/NetworkStats(   77): 	at com.android.server.net.NetworkStatsService$3.onReceive(NetworkStatsService.java:633)
F/NetworkStats(   77): 	at android.app.LoadedApk$ReceiverDispatcher$Args.run(LoadedApk.java:728)
F/NetworkStats(   77): 	at android.os.Handler.handleCallback(Handler.java:605)
F/NetworkStats(   77): 	at android.os.Handler.dispatchMessage(Handler.java:92)
F/NetworkStats(   77): 	at android.os.Looper.loop(Looper.java:137)
F/NetworkStats(   77): 	at android.os.HandlerThread.run(HandlerThread.java:60)
F/NetworkStats(   77): Caused by: java.io.FileNotFoundException: /proc/net/xt_qtaguid/stats: open failed: ENOENT (No such file or directory)
F/NetworkStats(   77): 	at libcore.io.IoBridge.open(IoBridge.java:406)
F/NetworkStats(   77): 	at java.io.FileInputStream.<init>(FileInputStream.java:78)
F/NetworkStats(   77): 	at com.android.internal.net.NetworkStatsFactory.readNetworkStatsDetail(NetworkStatsFactory.java:269)
F/NetworkStats(   77): 	... 10 more
F/NetworkStats(   77): Caused by: libcore.io.ErrnoException: open failed: ENOENT (No such file or directory)
F/NetworkStats(   77): 	at libcore.io.Posix.open(Native Method)
F/NetworkStats(   77): 	at libcore.io.BlockGuardOs.open(BlockGuardOs.java:110)
F/NetworkStats(   77): 	at libcore.io.IoBridge.open(IoBridge.java:390)
F/NetworkStats(   77): 	... 12 more
D/dalvikvm(  156): GC_CONCURRENT freed 384K, 6% free 9532K/10119K, paused 4ms+5ms
D/dalvikvm(   77): GC_CONCURRENT freed 459K, 16% free 11397K/13447K, paused 6ms+8ms
W/ThrottleService(   77): unable to find stats for iface rmnet0
D/dalvikvm(  156): GC_CONCURRENT freed 384K, 6% free 9532K/10119K, paused 6ms+5ms
F/BatteryStatsImpl(   77): problem reading network stats
F/BatteryStatsImpl(   77): java.lang.IllegalStateException: problem parsing idx 1
F/BatteryStatsImpl(   77): 	at com.android.internal.net.NetworkStatsFactory.readNetworkStatsDetail(NetworkStatsFactory.java:300)
F/BatteryStatsImpl(   77): 	at com.android.internal.net.NetworkStatsFactory.readNetworkStatsDetail(NetworkStatsFactory.java:250)
F/BatteryStatsImpl(   77): 	at com.android.internal.os.BatteryStatsImpl.getNetworkStatsDetailGroupedByUid(BatteryStatsImpl.java:5734)
F/BatteryStatsImpl(   77): 	at com.android.internal.os.BatteryStatsImpl.access$100(BatteryStatsImpl.java:76)
F/BatteryStatsImpl(   77): 	at com.android.internal.os.BatteryStatsImpl$Uid.computeCurrentTcpBytesReceived(BatteryStatsImpl.java:2457)
F/BatteryStatsImpl(   77): 	at com.android.internal.os.BatteryStatsImpl$Uid.getTcpBytesReceived(BatteryStatsImpl.java:2446)
F/BatteryStatsImpl(   77): 	at com.android.internal.os.BatteryStatsImpl.writeSummaryToParcel(BatteryStatsImpl.java:5437)
F/BatteryStatsImpl(   77): 	at com.android.internal.os.BatteryStatsImpl.writeLocked(BatteryStatsImpl.java:4836)
F/BatteryStatsImpl(   77): 	at com.android.internal.os.BatteryStatsImpl.writeAsyncLocked(BatteryStatsImpl.java:4818)
F/BatteryStatsImpl(   77): 	at com.android.server.am.ActivityManagerService.updateCpuStatsNow(ActivityManagerService.java:1652)
F/BatteryStatsImpl(   77): 	at com.android.server.am.ActivityManagerService$3.run(ActivityManagerService.java:1534)
F/BatteryStatsImpl(   77): Caused by: java.io.FileNotFoundException: /proc/net/xt_qtaguid/stats: open failed: ENOENT (No such file or directory)
F/BatteryStatsImpl(   77): 	at libcore.io.IoBridge.open(IoBridge.java:406)
F/BatteryStatsImpl(   77): 	at java.io.FileInputStream.<init>(FileInputStream.java:78)
F/BatteryStatsImpl(   77): 	at com.android.internal.net.NetworkStatsFactory.readNetworkStatsDetail(NetworkStatsFactory.java:269)
F/BatteryStatsImpl(   77): 	... 10 more
F/BatteryStatsImpl(   77): Caused by: libcore.io.ErrnoException: open failed: ENOENT (No such file or directory)
F/BatteryStatsImpl(   77): 	at libcore.io.Posix.open(Native Method)
F/BatteryStatsImpl(   77): 	at libcore.io.BlockGuardOs.open(BlockGuardOs.java:110)
F/BatteryStatsImpl(   77): 	at libcore.io.IoBridge.open(IoBridge.java:390)
F/BatteryStatsImpl(   77): 	... 12 more
D/dalvikvm(  156): GC_CONCURRENT freed 383K, 6% free 9533K/10119K, paused 5ms+5ms
W/ThrottleService(   77): unable to find stats for iface rmnet0
D/dalvikvm(   77): GC_CONCURRENT freed 469K, 16% free 11398K/13447K, paused 8ms+10ms
D/dalvikvm(  156): GC_CONCURRENT freed 384K, 6% free 9532K/10119K, paused 5ms+4ms
W/ThrottleService(   77): unable to find stats for iface rmnet0
D/dalvikvm(  156): GC_CONCURRENT freed 383K, 6% free 9533K/10119K, paused 6ms+8ms
F/NetworkStats(   77): problem reading network stats
F/NetworkStats(   77): java.lang.IllegalStateException: problem parsing idx 1
F/NetworkStats(   77): 	at com.android.internal.net.NetworkStatsFactory.readNetworkStatsDetail(NetworkStatsFactory.java:300)
F/NetworkStats(   77): 	at com.android.server.NetworkManagementService.getNetworkStatsUidDetail(NetworkManagementService.java:1282)
F/NetworkStats(   77): 	at com.android.server.net.NetworkStatsService.performPollLocked(NetworkStatsService.java:831)
F/NetworkStats(   77): 	at com.android.server.net.NetworkStatsService.performPoll(NetworkStatsService.java:799)
F/NetworkStats(   77): 	at com.android.server.net.NetworkStatsService.access$100(NetworkStatsService.java:128)
F/NetworkStats(   77): 	at com.android.server.net.NetworkStatsService$3.onReceive(NetworkStatsService.java:633)
F/NetworkStats(   77): 	at android.app.LoadedApk$ReceiverDispatcher$Args.run(LoadedApk.java:728)
F/NetworkStats(   77): 	at android.os.Handler.handleCallback(Handler.java:605)
F/NetworkStats(   77): 	at android.os.Handler.dispatchMessage(Handler.java:92)
F/NetworkStats(   77): 	at android.os.Looper.loop(Looper.java:137)
F/NetworkStats(   77): 	at android.os.HandlerThread.run(HandlerThread.java:60)
F/NetworkStats(   77): Caused by: java.io.FileNotFoundException: /proc/net/xt_qtaguid/stats: open failed: ENOENT (No such file or directory)
F/NetworkStats(   77): 	at libcore.io.IoBridge.open(IoBridge.java:406)
F/NetworkStats(   77): 	at java.io.FileInputStream.<init>(FileInputStream.java:78)
F/NetworkStats(   77): 	at com.android.internal.net.NetworkStatsFactory.readNetworkStatsDetail(NetworkStatsFactory.java:269)
F/NetworkStats(   77): 	... 10 more
F/NetworkStats(   77): Caused by: libcore.io.ErrnoException: open failed: ENOENT (No such file or directory)
F/NetworkStats(   77): 	at libcore.io.Posix.open(Native Method)
F/NetworkStats(   77): 	at libcore.io.BlockGuardOs.open(BlockGuardOs.java:110)
F/NetworkStats(   77): 	at libcore.io.IoBridge.open(IoBridge.java:390)
F/NetworkStats(   77): 	... 12 more
V/BackupManagerService(   77): Running a backup pass
V/BackupManagerService(   77): Backup requested but nothing pending
D/dalvikvm(   77): GC_CONCURRENT freed 475K, 16% free 11397K/13447K, paused 6ms+10ms
D/dalvikvm(  156): GC_CONCURRENT freed 384K, 6% free 9532K/10119K, paused 8ms+4ms
W/ThrottleService(   77): unable to find stats for iface rmnet0
D/dalvikvm(  156): GC_CONCURRENT freed 384K, 6% free 9532K/10119K, paused 7ms+4ms
F/BatteryStatsImpl(   77): problem reading network stats
F/BatteryStatsImpl(   77): java.lang.IllegalStateException: problem parsing idx 1
F/BatteryStatsImpl(   77): 	at com.android.internal.net.NetworkStatsFactory.readNetworkStatsDetail(NetworkStatsFactory.java:300)
F/BatteryStatsImpl(   77): 	at com.android.internal.net.NetworkStatsFactory.readNetworkStatsDetail(NetworkStatsFactory.java:250)
F/BatteryStatsImpl(   77): 	at com.android.internal.os.BatteryStatsImpl.getNetworkStatsDetailGroupedByUid(BatteryStatsImpl.java:5734)
F/BatteryStatsImpl(   77): 	at com.android.internal.os.BatteryStatsImpl.access$100(BatteryStatsImpl.java:76)
F/BatteryStatsImpl(   77): 	at com.android.internal.os.BatteryStatsImpl$Uid.computeCurrentTcpBytesReceived(BatteryStatsImpl.java:2457)
F/BatteryStatsImpl(   77): 	at com.android.internal.os.BatteryStatsImpl$Uid.getTcpBytesReceived(BatteryStatsImpl.java:2446)
F/BatteryStatsImpl(   77): 	at com.android.internal.os.BatteryStatsImpl.writeSummaryToParcel(BatteryStatsImpl.java:5437)
F/BatteryStatsImpl(   77): 	at com.android.internal.os.BatteryStatsImpl.writeLocked(BatteryStatsImpl.java:4836)
F/BatteryStatsImpl(   77): 	at com.android.internal.os.BatteryStatsImpl.writeAsyncLocked(BatteryStatsImpl.java:4818)
F/BatteryStatsImpl(   77): 	at com.android.server.am.ActivityManagerService.updateCpuStatsNow(ActivityManagerService.java:1652)
F/BatteryStatsImpl(   77): 	at com.android.server.am.ActivityManagerService$3.run(ActivityManagerService.java:1534)
F/BatteryStatsImpl(   77): Caused by: java.io.FileNotFoundException: /proc/net/xt_qtaguid/stats: open failed: ENOENT (No such file or directory)
F/BatteryStatsImpl(   77): 	at libcore.io.IoBridge.open(IoBridge.java:406)
F/BatteryStatsImpl(   77): 	at java.io.FileInputStream.<init>(FileInputStream.java:78)
F/BatteryStatsImpl(   77): 	at com.android.internal.net.NetworkStatsFactory.readNetworkStatsDetail(NetworkStatsFactory.java:269)
F/BatteryStatsImpl(   77): 	... 10 more
F/BatteryStatsImpl(   77): Caused by: libcore.io.ErrnoException: open failed: ENOENT (No such file or directory)
F/BatteryStatsImpl(   77): 	at libcore.io.Posix.open(Native Method)
F/BatteryStatsImpl(   77): 	at libcore.io.BlockGuardOs.open(BlockGuardOs.java:110)
